Archive member included to satisfy reference by file (symbol)

C:/Users/anurag.singh/SimplicityStudio/SDKs/gecko_sdk//protocol/bluetooth/lib/EFR32XG22/GCC/libapploader.a(apploader_lib_api.c.obj)
                              ./gecko_sdk_4.4.3/platform/bootloader/communication/apploader/btl_apploader_common.o (sl_apploader_init)
C:/Users/anurag.singh/SimplicityStudio/SDKs/gecko_sdk//protocol/bluetooth/lib/EFR32XG22/GCC/libapploader.a(gatt_database.c.obj)
                              C:/Users/anurag.singh/SimplicityStudio/SDKs/gecko_sdk//protocol/bluetooth/lib/EFR32XG22/GCC/libapploader.a(apploader_lib_api.c.obj) (gattDatabase_resetDatabase)
C:/Users/anurag.singh/SimplicityStudio/SDKs/gecko_sdk//protocol/bluetooth/lib/EFR32XG22/GCC/libapploader.a(bt.c.obj)
                              C:/Users/anurag.singh/SimplicityStudio/SDKs/gecko_sdk//protocol/bluetooth/lib/EFR32XG22/GCC/libapploader.a(apploader_lib_api.c.obj) (bt_init)
C:/Users/anurag.singh/SimplicityStudio/SDKs/gecko_sdk//protocol/bluetooth/lib/EFR32XG22/GCC/libapploader.a(bt_database.c.obj)
                              C:/Users/anurag.singh/SimplicityStudio/SDKs/gecko_sdk//protocol/bluetooth/lib/EFR32XG22/GCC/libapploader.a(apploader_lib_api.c.obj) (bt_addGattService)
C:/Users/anurag.singh/SimplicityStudio/SDKs/gecko_sdk//protocol/bluetooth/lib/EFR32XG22/GCC/libapploader.a(utils.c.obj)
                              C:/Users/anurag.singh/SimplicityStudio/SDKs/gecko_sdk//protocol/bluetooth/lib/EFR32XG22/GCC/libapploader.a(bt.c.obj) (utils_init)
C:/Users/anurag.singh/SimplicityStudio/SDKs/gecko_sdk//protocol/bluetooth/lib/EFR32XG22/GCC/libapploader.a(dfu_database.c.obj)
                              C:/Users/anurag.singh/SimplicityStudio/SDKs/gecko_sdk//protocol/bluetooth/lib/EFR32XG22/GCC/libapploader.a(apploader_lib_api.c.obj) (dfu_addOtaService)
C:/Users/anurag.singh/SimplicityStudio/SDKs/gecko_sdk//protocol/bluetooth/lib/EFR32XG22/GCC/libapploader.a(hal_efr32.c.obj)
                              C:/Users/anurag.singh/SimplicityStudio/SDKs/gecko_sdk//protocol/bluetooth/lib/EFR32XG22/GCC/libapploader.a(bt.c.obj) (hal_readDeviceAddress)
C:/Users/anurag.singh/SimplicityStudio/SDKs/gecko_sdk//protocol/bluetooth/lib/EFR32XG22/GCC/libapploader.a(att.c.obj)
                              C:/Users/anurag.singh/SimplicityStudio/SDKs/gecko_sdk//protocol/bluetooth/lib/EFR32XG22/GCC/libapploader.a(bt.c.obj) (att_init)
C:/Users/anurag.singh/SimplicityStudio/SDKs/gecko_sdk//protocol/bluetooth/lib/EFR32XG22/GCC/libapploader.a(att_database.c.obj)
                              C:/Users/anurag.singh/SimplicityStudio/SDKs/gecko_sdk//protocol/bluetooth/lib/EFR32XG22/GCC/libapploader.a(bt.c.obj) (attDatabase_init)
C:/Users/anurag.singh/SimplicityStudio/SDKs/gecko_sdk//protocol/bluetooth/lib/EFR32XG22/GCC/libapploader.a(att_server.c.obj)
                              C:/Users/anurag.singh/SimplicityStudio/SDKs/gecko_sdk//protocol/bluetooth/lib/EFR32XG22/GCC/libapploader.a(att.c.obj) (attServer_pdu)
C:/Users/anurag.singh/SimplicityStudio/SDKs/gecko_sdk//protocol/bluetooth/lib/EFR32XG22/GCC/libapploader.a(l2cap.c.obj)
                              C:/Users/anurag.singh/SimplicityStudio/SDKs/gecko_sdk//protocol/bluetooth/lib/EFR32XG22/GCC/libapploader.a(bt.c.obj) (l2cap_init)
C:/Users/anurag.singh/SimplicityStudio/SDKs/gecko_sdk//protocol/bluetooth/lib/EFR32XG22/GCC/libapploader.a(hci.c.obj)
                              C:/Users/anurag.singh/SimplicityStudio/SDKs/gecko_sdk//protocol/bluetooth/lib/EFR32XG22/GCC/libapploader.a(bt.c.obj) (hci_leSetAdvertisingData)
C:/Users/anurag.singh/SimplicityStudio/SDKs/gecko_sdk//protocol/bluetooth/lib/EFR32XG22/GCC/libapploader.a(hci_sync.c.obj)
                              C:/Users/anurag.singh/SimplicityStudio/SDKs/gecko_sdk//protocol/bluetooth/lib/EFR32XG22/GCC/libapploader.a(bt.c.obj) (hci_initSync)
C:/Users/anurag.singh/SimplicityStudio/SDKs/gecko_sdk//protocol/bluetooth/lib/EFR32XG22/GCC/libapploader.a(llcp.c.obj)
                              C:/Users/anurag.singh/SimplicityStudio/SDKs/gecko_sdk//protocol/bluetooth/lib/EFR32XG22/GCC/libapploader.a(hci.c.obj) (llcp_init)
C:/Users/anurag.singh/SimplicityStudio/SDKs/gecko_sdk//protocol/bluetooth/lib/EFR32XG22/GCC/libapploader.a(llcp_phy.c.obj)
                              C:/Users/anurag.singh/SimplicityStudio/SDKs/gecko_sdk//protocol/bluetooth/lib/EFR32XG22/GCC/libapploader.a(hci.c.obj) (llcp_phyInit)
C:/Users/anurag.singh/SimplicityStudio/SDKs/gecko_sdk//protocol/bluetooth/lib/EFR32XG22/GCC/libapploader.a(radio.c.obj)
                              C:/Users/anurag.singh/SimplicityStudio/SDKs/gecko_sdk//protocol/bluetooth/lib/EFR32XG22/GCC/libapploader.a(hci.c.obj) (radio_init)
C:/Users/anurag.singh/SimplicityStudio/SDKs/gecko_sdk//protocol/bluetooth/lib/EFR32XG22/GCC/libapploader.a(radio_phy.c.obj)
                              C:/Users/anurag.singh/SimplicityStudio/SDKs/gecko_sdk//protocol/bluetooth/lib/EFR32XG22/GCC/libapploader.a(hci.c.obj) (radio_phyInit)
[...]
Memory Configuration

Name             Origin             Length             Attributes
FLASH            0x00000000         0x00012000         xr
RAM              0x20000004         0x00007ffc         xrw
BOOTLOADER_RESET_REGION 0x20000000         0x00000004         xrw
*default*        0x00000000         0xffffffff

Linker script and memory map

LOAD c:/siliconlabs/simplicitystudio/v5/developer/toolchains/gnu_arm/12.2.rel1_2023.7/bin/../lib/gcc/arm-none-eabi/12.2.1/thumb/v8-m.main+fp/hard/crti.o
LOAD c:/siliconlabs/simplicitystudio/v5/developer/toolchains/gnu_arm/12.2.rel1_2023.7/bin/../lib/gcc/arm-none-eabi/12.2.1/thumb/v8-m.main+fp/hard/crtbegin.o
LOAD c:/siliconlabs/simplicitystudio/v5/developer/toolchains/gnu_arm/12.2.rel1_2023.7/bin/../lib/gcc/arm-none-eabi/12.2.1/thumb/v8-m.main+fp/hard/crt0.o
START GROUP
LOAD ./autogen/sl_board_default_init.o
LOAD ./autogen/sl_device_init_clocks.o
LOAD ./gecko_sdk_4.4.3/hardware/board/src/sl_board_control_gpio.o
LOAD ./gecko_sdk_4.4.3/hardware/board/src/sl_board_init.o
LOAD ./gecko_sdk_4.4.3/platform/Device/SiliconLabs/EFR32BG22/Source/startup_efr32bg22.o
LOAD ./gecko_sdk_4.4.3/platform/Device/SiliconLabs/EFR32BG22/Source/system_efr32bg22.o
LOAD ./gecko_sdk_4.4.3/platform/bootloader/communication/apploader/btl_apploader.o
LOAD ./gecko_sdk_4.4.3/platform/bootloader/communication/apploader/btl_apploader_common.o
LOAD ./gecko_sdk_4.4.3/platform/bootloader/core/btl_bootload.o
LOAD ./gecko_sdk_4.4.3/platform/bootloader/core/btl_core.o
LOAD ./gecko_sdk_4.4.3/platform/bootloader/core/btl_main.o
LOAD ./gecko_sdk_4.4.3/platform/bootloader/core/btl_parse.o
LOAD ./gecko_sdk_4.4.3/platform/bootloader/core/btl_reset.o
LOAD ./gecko_sdk_4.4.3/platform/bootloader/core/flash/btl_internal_flash.o
LOAD ./gecko_sdk_4.4.3/platform/bootloader/debug/btl_debug.o
LOAD ./gecko_sdk_4.4.3/platform/bootloader/debug/btl_debug_swo.o
LOAD ./gecko_sdk_4.4.3/platform/bootloader/driver/btl_driver_util.o
LOAD ./gecko_sdk_4.4.3/platform/bootloader/parser/gbl/btl_gbl_custom_tags.o
LOAD ./gecko_sdk_4.4.3/platform/bootloader/parser/gbl/btl_gbl_format.o
LOAD ./gecko_sdk_4.4.3/platform/bootloader/parser/gbl/btl_gbl_parser.o
LOAD ./gecko_sdk_4.4.3/platform/bootloader/security/btl_crc16.o
LOAD ./gecko_sdk_4.4.3/platform/bootloader/security/btl_crc32.o
LOAD ./gecko_sdk_4.4.3/platform/bootloader/security/btl_security_aes.o
LOAD ./gecko_sdk_4.4.3/platform/bootloader/security/btl_security_ecdsa.o
LOAD ./gecko_sdk_4.4.3/platform/bootloader/security/btl_security_sha256.o
LOAD ./gecko_sdk_4.4.3/platform/bootloader/security/btl_security_tokens.o
LOAD ./gecko_sdk_4.4.3/platform/bootloader/security/ecc/ecc.o
LOAD ./gecko_sdk_4.4.3/platform/bootloader/security/sha/btl_sha256.o
LOAD ./gecko_sdk_4.4.3/platform/bootloader/security/sha/crypto_sha.o
LOAD ./gecko_sdk_4.4.3/platform/bootloader/security/sha/cryptoacc_sha.o
LOAD ./gecko_sdk_4.4.3/platform/bootloader/security/sha/se_sha.o
LOAD ./gecko_sdk_4.4.3/platform/common/src/sl_assert.o
LOAD ./gecko_sdk_4.4.3/platform/common/src/sl_syscalls.o
LOAD ./gecko_sdk_4.4.3/platform/common/toolchain/src/sl_memory.o
LOAD ./gecko_sdk_4.4.3/platform/emlib/src/em_burtc.o
LOAD ./gecko_sdk_4.4.3/platform/emlib/src/em_cmu.o
LOAD ./gecko_sdk_4.4.3/platform/emlib/src/em_core.o
LOAD ./gecko_sdk_4.4.3/platform/emlib/src/em_dbg.o
LOAD ./gecko_sdk_4.4.3/platform/emlib/src/em_emu.o
LOAD ./gecko_sdk_4.4.3/platform/emlib/src/em_eusart.o
LOAD ./gecko_sdk_4.4.3/platform/emlib/src/em_gpcrc.o
LOAD ./gecko_sdk_4.4.3/platform/emlib/src/em_gpio.o
LOAD ./gecko_sdk_4.4.3/platform/emlib/src/em_i2c.o
LOAD ./gecko_sdk_4.4.3/platform/emlib/src/em_iadc.o
LOAD ./gecko_sdk_4.4.3/platform/emlib/src/em_ldma.o
LOAD ./gecko_sdk_4.4.3/platform/emlib/src/em_letimer.o
LOAD ./gecko_sdk_4.4.3/platform/emlib/src/em_msc.o
LOAD ./gecko_sdk_4.4.3/platform/emlib/src/em_prs.o
LOAD ./gecko_sdk_4.4.3/platform/emlib/src/em_rmu.o
LOAD ./gecko_sdk_4.4.3/platform/emlib/src/em_rtcc.o
LOAD ./gecko_sdk_4.4.3/platform/emlib/src/em_se.o
LOAD ./gecko_sdk_4.4.3/platform/emlib/src/em_system.o
LOAD ./gecko_sdk_4.4.3/platform/emlib/src/em_timer.o
LOAD ./gecko_sdk_4.4.3/platform/emlib/src/em_usart.o
LOAD ./gecko_sdk_4.4.3/platform/emlib/src/em_wdog.o
LOAD ./gecko_sdk_4.4.3/platform/radio/rail_lib/plugin/pa-conversions/pa_conversions_efr32.o
LOAD ./gecko_sdk_4.4.3/platform/radio/rail_lib/plugin/pa-conversions/pa_curves_efr32.o
LOAD ./gecko_sdk_4.4.3/platform/security/sl_component/se_manager/src/sl_se_manager.o
LOAD ./gecko_sdk_4.4.3/platform/security/sl_component/se_manager/src/sl_se_manager_attestation.o
LOAD ./gecko_sdk_4.4.3/platform/security/sl_component/se_manager/src/sl_se_manager_cipher.o
LOAD ./gecko_sdk_4.4.3/platform/security/sl_component/se_manager/src/sl_se_manager_entropy.o
LOAD ./gecko_sdk_4.4.3/platform/security/sl_component/se_manager/src/sl_se_manager_hash.o
LOAD ./gecko_sdk_4.4.3/platform/security/sl_component/se_manager/src/sl_se_manager_key_derivation.o
LOAD ./gecko_sdk_4.4.3/platform/security/sl_component/se_manager/src/sl_se_manager_key_handling.o
LOAD ./gecko_sdk_4.4.3/platform/security/sl_component/se_manager/src/sl_se_manager_signature.o
LOAD ./gecko_sdk_4.4.3/platform/security/sl_component/se_manager/src/sl_se_manager_util.o
LOAD ./gecko_sdk_4.4.3/platform/security/sl_component/sl_cryptoacc_library/src/ba414ep_config.o
LOAD ./gecko_sdk_4.4.3/platform/security/sl_component/sl_cryptoacc_library/src/ba431_config.o
LOAD ./gecko_sdk_4.4.3/platform/security/sl_component/sl_cryptoacc_library/src/cryptodma_internal.o
LOAD ./gecko_sdk_4.4.3/platform/security/sl_component/sl_cryptoacc_library/src/cryptolib_types.o
LOAD ./gecko_sdk_4.4.3/platform/security/sl_component/sl_cryptoacc_library/src/sx_aes.o
LOAD ./gecko_sdk_4.4.3/platform/security/sl_component/sl_cryptoacc_library/src/sx_blk_cipher.o
LOAD ./gecko_sdk_4.4.3/platform/security/sl_component/sl_cryptoacc_library/src/sx_dh_alg.o
LOAD ./gecko_sdk_4.4.3/platform/security/sl_component/sl_cryptoacc_library/src/sx_ecc_curves.o
LOAD ./gecko_sdk_4.4.3/platform/security/sl_component/sl_cryptoacc_library/src/sx_ecc_keygen_alg.o
LOAD ./gecko_sdk_4.4.3/platform/security/sl_component/sl_cryptoacc_library/src/sx_ecdsa_alg.o
LOAD ./gecko_sdk_4.4.3/platform/security/sl_component/sl_cryptoacc_library/src/sx_hash.o
LOAD ./gecko_sdk_4.4.3/platform/security/sl_component/sl_cryptoacc_library/src/sx_math.o
LOAD ./gecko_sdk_4.4.3/platform/security/sl_component/sl_cryptoacc_library/src/sx_memcmp.o
LOAD ./gecko_sdk_4.4.3/platform/security/sl_component/sl_cryptoacc_library/src/sx_memcpy.o
LOAD ./gecko_sdk_4.4.3/platform/security/sl_component/sl_cryptoacc_library/src/sx_primitives.o
LOAD ./gecko_sdk_4.4.3/platform/security/sl_component/sl_cryptoacc_library/src/sx_rng.o
LOAD ./gecko_sdk_4.4.3/platform/security/sl_component/sl_cryptoacc_library/src/sx_trng.o
LOAD ./gecko_sdk_4.4.3/platform/security/sl_component/sl_mbedtls_support/src/cryptoacc_aes.o
LOAD ./gecko_sdk_4.4.3/platform/security/sl_component/sl_mbedtls_support/src/cryptoacc_gcm.o
LOAD ./gecko_sdk_4.4.3/platform/security/sl_component/sl_mbedtls_support/src/mbedtls_ccm.o
LOAD ./gecko_sdk_4.4.3/platform/security/sl_component/sl_mbedtls_support/src/mbedtls_cmac.o
LOAD ./gecko_sdk_4.4.3/platform/security/sl_component/sl_mbedtls_support/src/mbedtls_ecdsa_ecdh.o
LOAD ./gecko_sdk_4.4.3/platform/security/sl_component/sl_mbedtls_support/src/sl_mbedtls.o
LOAD ./gecko_sdk_4.4.3/platform/security/sl_component/sl_psa_driver/src/cryptoacc_management.o
LOAD ./gecko_sdk_4.4.3/platform/security/sl_component/sl_psa_driver/src/sli_cryptoacc_driver_trng.o
LOAD ./gecko_sdk_4.4.3/platform/security/sl_component/sl_psa_driver/src/sli_cryptoacc_transparent_driver_aead.o
LOAD ./gecko_sdk_4.4.3/platform/security/sl_component/sl_psa_driver/src/sli_cryptoacc_transparent_driver_cipher.o
LOAD ./gecko_sdk_4.4.3/platform/security/sl_component/sl_psa_driver/src/sli_cryptoacc_transparent_driver_hash.o
LOAD ./gecko_sdk_4.4.3/platform/security/sl_component/sl_psa_driver/src/sli_cryptoacc_transparent_driver_key_derivation.o
LOAD ./gecko_sdk_4.4.3/platform/security/sl_component/sl_psa_driver/src/sli_cryptoacc_transparent_driver_key_management.o
LOAD ./gecko_sdk_4.4.3/platform/security/sl_component/sl_psa_driver/src/sli_cryptoacc_transparent_driver_mac.o
LOAD ./gecko_sdk_4.4.3/platform/security/sl_component/sl_psa_driver/src/sli_cryptoacc_transparent_driver_signature.o
LOAD ./gecko_sdk_4.4.3/platform/security/sl_component/sl_psa_driver/src/sli_psa_driver_common.o
LOAD ./gecko_sdk_4.4.3/platform/security/sl_component/sl_psa_driver/src/sli_psa_driver_init.o
LOAD ./gecko_sdk_4.4.3/platform/security/sl_component/sl_psa_driver/src/sli_se_version_dependencies.o
LOAD ./gecko_sdk_4.4.3/platform/service/device_init/src/sl_device_init_dcdc_s2.o
LOAD ./gecko_sdk_4.4.3/platform/service/device_init/src/sl_device_init_emu_s2.o
LOAD ./gecko_sdk_4.4.3/platform/service/device_init/src/sl_device_init_hfxo_s2.o
LOAD ./gecko_sdk_4.4.3/platform/service/device_init/src/sl_device_init_lfxo_s2.o
LOAD ./gecko_sdk_4.4.3/platform/service/device_init/src/sl_device_init_nvic.o
LOAD ./gecko_sdk_4.4.3/util/silicon_labs/silabs_core/memory_manager/sl_malloc.o
LOAD ./gecko_sdk_4.4.3/util/third_party/mbedtls/library/aes.o
LOAD ./gecko_sdk_4.4.3/util/third_party/mbedtls/library/constant_time.o
LOAD ./gecko_sdk_4.4.3/util/third_party/mbedtls/library/platform.o
LOAD ./gecko_sdk_4.4.3/util/third_party/mbedtls/library/platform_util.o
LOAD ./gecko_sdk_4.4.3/util/third_party/mbedtls/library/psa_crypto_client.o
LOAD ./gecko_sdk_4.4.3/util/third_party/mbedtls/library/psa_util.o
LOAD ./gecko_sdk_4.4.3/util/third_party/mbedtls/library/threading.o
LOAD ./gecko_sdk_4.4.3/util/third_party/trusted-firmware-m/lib/fih/src/fih.o
LOAD ./gecko_sdk_4.4.3/util/third_party/trusted-firmware-m/platform/ext/target/siliconlabs/vse/sli_cryptoacc.o
LOAD C:/Users/anurag.singh/SimplicityStudio/SDKs/gecko_sdk//protocol/bluetooth/lib/EFR32XG22/GCC/libapploader.a
LOAD C:/Users/anurag.singh/SimplicityStudio/SDKs/gecko_sdk//platform/radio/rail_lib/autogen/librail_release/librail_efr32xg22_gcc_release.a
LOAD c:/siliconlabs/simplicitystudio/v5/developer/toolchains/gnu_arm/12.2.rel1_2023.7/bin/../lib/gcc/arm-none-eabi/12.2.1/thumb/v8-m.main+fp/hard\libgcc.a
LOAD c:/siliconlabs/simplicitystudio/v5/developer/toolchains/gnu_arm/12.2.rel1_2023.7/bin/../lib/gcc/arm-none-eabi/12.2.1/thumb/v8-m.main+fp/hard\libc_nano.a
LOAD c:/siliconlabs/simplicitystudio/v5/developer/toolchains/gnu_arm/12.2.rel1_2023.7/bin/../lib/gcc/arm-none-eabi/12.2.1/thumb/v8-m.main+fp/hard\libm.a
LOAD c:/siliconlabs/simplicitystudio/v5/developer/toolchains/gnu_arm/12.2.rel1_2023.7/bin/../lib/gcc/arm-none-eabi/12.2.1/thumb/v8-m.main+fp/hard\libnosys.a
END GROUP
START GROUP
LOAD c:/siliconlabs/simplicitystudio/v5/developer/toolchains/gnu_arm/12.2.rel1_2023.7/bin/../lib/gcc/arm-none-eabi/12.2.1/thumb/v8-m.main+fp/hard\libgcc.a
LOAD c:/siliconlabs/simplicitystudio/v5/developer/toolchains/gnu_arm/12.2.rel1_2023.7/bin/../lib/gcc/arm-none-eabi/12.2.1/thumb/v8-m.main+fp/hard\libc_nano.a
LOAD c:/siliconlabs/simplicitystudio/v5/developer/toolchains/gnu_arm/12.2.rel1_2023.7/bin/../lib/gcc/arm-none-eabi/12.2.1/thumb/v8-m.main+fp/hard\libnosys.a
END GROUP
START GROUP
LOAD c:/siliconlabs/simplicitystudio/v5/developer/toolchains/gnu_arm/12.2.rel1_2023.7/bin/../lib/gcc/arm-none-eabi/12.2.1/thumb/v8-m.main+fp/hard\libgcc.a
LOAD c:/siliconlabs/simplicitystudio/v5/developer/toolchains/gnu_arm/12.2.rel1_2023.7/bin/../lib/gcc/arm-none-eabi/12.2.1/thumb/v8-m.main+fp/hard\libg_nano.a
LOAD c:/siliconlabs/simplicitystudio/v5/developer/toolchains/gnu_arm/12.2.rel1_2023.7/bin/../lib/gcc/arm-none-eabi/12.2.1/thumb/v8-m.main+fp/hard\libc_nano.a
END GROUP
START GROUP
LOAD c:/siliconlabs/simplicitystudio/v5/developer/toolchains/gnu_arm/12.2.rel1_2023.7/bin/../lib/gcc/arm-none-eabi/12.2.1/thumb/v8-m.main+fp/hard\libgcc.a
LOAD c:/siliconlabs/simplicitystudio/v5/developer/toolchains/gnu_arm/12.2.rel1_2023.7/bin/../lib/gcc/arm-none-eabi/12.2.1/thumb/v8-m.main+fp/hard\libc_nano.a
END GROUP
LOAD c:/siliconlabs/simplicitystudio/v5/developer/toolchains/gnu_arm/12.2.rel1_2023.7/bin/../lib/gcc/arm-none-eabi/12.2.1/thumb/v8-m.main+fp/hard/crtend.o
LOAD c:/siliconlabs/simplicitystudio/v5/developer/toolchains/gnu_arm/12.2.rel1_2023.7/bin/../lib/gcc/arm-none-eabi/12.2.1/thumb/v8-m.main+fp/hard/crtn.o

.text           0x00000000    0x10680
                0x00000000                linker_vectors_begin = .
 *(.vectors)
 .vectors       0x00000000      0x140 ./gecko_sdk_4.4.3/platform/Device/SiliconLabs/EFR32BG22/Source/startup_efr32bg22.o
                0x00000000                __Vectors
                0x00000140                linker_vectors_end = .
                0x00000140                __Vectors_End = .
                0x00000140                __Vectors_Size = (__Vectors_End - __Vectors)
                0x00000140                linker_code_begin = .
 *(SORT_BY_ALIGNMENT(.text*))
 .text.radio_init
                0x00000140       0xe8 C:/Users/anurag.singh/SimplicityStudio/SDKs/gecko_sdk//protocol/bluetooth/lib/EFR32XG22/GCC/libapploader.a(radio.c.obj)
                0x00000140                radio_init
 .text.deregister_tm_clones
                0x00000228       0x1c c:/siliconlabs/simplicitystudio/v5/developer/toolchains/gnu_arm/12.2.rel1_2023.7/bin/../lib/gcc/arm-none-eabi/12.2.1/thumb/v8-m.main+fp/hard/crtbegin.o
 .text.register_tm_clones
                0x00000244       0x28 c:/siliconlabs/simplicitystudio/v5/developer/toolchains/gnu_arm/12.2.rel1_2023.7/bin/../lib/gcc/arm-none-eabi/12.2.1/thumb/v8-m.main+fp/hard/crtbegin.o
 .text.__do_global_dtors_aux
                0x0000026c       0x28 c:/siliconlabs/simplicitystudio/v5/developer/toolchains/gnu_arm/12.2.rel1_2023.7/bin/../lib/gcc/arm-none-eabi/12.2.1/thumb/v8-m.main+fp/hard/crtbegin.o
 .text.frame_dummy
                0x00000294       0x24 c:/siliconlabs/simplicitystudio/v5/developer/toolchains/gnu_arm/12.2.rel1_2023.7/bin/../lib/gcc/arm-none-eabi/12.2.1/thumb/v8-m.main+fp/hard/crtbegin.o
 .text.sl_device_init_clocks
                0x000002b8       0x9c ./autogen/sl_device_init_clocks.o
                0x000002b8                sl_device_init_clocks
 .text.Copy_Table
                0x00000354       0x28 ./gecko_sdk_4.4.3/platform/Device/SiliconLabs/EFR32BG22/Source/startup_efr32bg22.o
                0x00000354                Copy_Table
 .text.Zero_Table
                0x0000037c       0x24 ./gecko_sdk_4.4.3/platform/Device/SiliconLabs/EFR32BG22/Source/startup_efr32bg22.o
                0x0000037c                Zero_Table
 .text.CopyRamFuncs
                0x000003a0       0x1c ./gecko_sdk_4.4.3/platform/Device/SiliconLabs/EFR32BG22/Source/startup_efr32bg22.o
                0x000003a0                CopyRamFuncs
 .text.SystemInit
                0x000003bc       0x64 ./gecko_sdk_4.4.3/platform/Device/SiliconLabs/EFR32BG22/Source/system_efr32bg22.o
                0x000003bc                SystemInit
 .text.SystemHFRCODPLLClockGet
                0x00000420        0xc ./gecko_sdk_4.4.3/platform/Device/SiliconLabs/EFR32BG22/Source/system_efr32bg22.o
                0x00000420                SystemHFRCODPLLClockGet
 .text.SystemSYSCLKGet
                0x0000042c       0x34 ./gecko_sdk_4.4.3/platform/Device/SiliconLabs/EFR32BG22/Source/system_efr32bg22.o
                0x0000042c                SystemSYSCLKGet
 .text.SystemHCLKGet
                0x00000460       0x24 ./gecko_sdk_4.4.3/platform/Device/SiliconLabs/EFR32BG22/Source/system_efr32bg22.o
                0x00000460                SystemHCLKGet
 .text.SystemMaxCoreClockGet
                0x00000484        0x8 ./gecko_sdk_4.4.3/platform/Device/SiliconLabs/EFR32BG22/Source/system_efr32bg22.o
                0x00000484                SystemMaxCoreClockGet
 .text.SystemHFXOClockGet
                0x0000048c        0xc ./gecko_sdk_4.4.3/platform/Device/SiliconLabs/EFR32BG22/Source/system_efr32bg22.o
                0x0000048c                SystemHFXOClockGet
 .text.SystemHFXOClockSet
                0x00000498       0x20 ./gecko_sdk_4.4.3/platform/Device/SiliconLabs/EFR32BG22/Source/system_efr32bg22.o
                0x00000498                SystemHFXOClockSet
 .text.SystemFSRCOClockGet
                0x000004b8        0x8 ./gecko_sdk_4.4.3/platform/Device/SiliconLabs/EFR32BG22/Source/system_efr32bg22.o
                0x000004b8                SystemFSRCOClockGet
 .text.SystemLFXOClockGet
                0x000004c0        0xc ./gecko_sdk_4.4.3/platform/Device/SiliconLabs/EFR32BG22/Source/system_efr32bg22.o
                0x000004c0                SystemLFXOClockGet
 .text.communication_main
                0x000004cc       0x5c ./gecko_sdk_4.4.3/platform/bootloader/communication/apploader/btl_apploader.o
                0x000004cc                communication_main
 .text.bootloader_apploader_connection_complete
                0x00000528       0x20 ./gecko_sdk_4.4.3/platform/bootloader/communication/apploader/btl_apploader_common.o
                0x00000528                bootloader_apploader_connection_complete
 .text.bootloader_apploader_disconnection_complete
                0x00000548       0x60 ./gecko_sdk_4.4.3/platform/bootloader/communication/apploader/btl_apploader_common.o
                0x00000548                bootloader_apploader_disconnection_complete
 .text.bootloader_apploader_parse_gbl
                0x000005a8       0x34 ./gecko_sdk_4.4.3/platform/bootloader/communication/apploader/btl_apploader_common.o
                0x000005a8                bootloader_apploader_parse_gbl
 .text.bootloader_apploader_parser_init
                0x000005dc       0x20 ./gecko_sdk_4.4.3/platform/bootloader/communication/apploader/btl_apploader_common.o
                0x000005dc                bootloader_apploader_parser_init
 .text.bootloader_apploader_parser_finish
                0x000005fc       0x2c ./gecko_sdk_4.4.3/platform/bootloader/communication/apploader/btl_apploader_common.o
                0x000005fc                bootloader_apploader_parser_finish
 .text.bootloader_apploader_communication_init
                0x00000628       0x20 ./gecko_sdk_4.4.3/platform/bootloader/communication/apploader/btl_apploader_common.o
                0x00000628                bootloader_apploader_communication_init
 .text.bootloader_apploader_communication_start
                0x00000648       0x98 ./gecko_sdk_4.4.3/platform/bootloader/communication/apploader/btl_apploader_common.o
                0x00000648                bootloader_apploader_communication_start
 .text.bootloader_apploader_communication_main
                0x000006e0       0x70 ./gecko_sdk_4.4.3/platform/bootloader/communication/apploader/btl_apploader_common.o
                0x000006e0                bootloader_apploader_communication_main
 .text.bootload_checkApplicationPropertiesMagic
                0x00000750       0x48 ./gecko_sdk_4.4.3/platform/bootloader/core/btl_bootload.o
                0x00000750                bootload_checkApplicationPropertiesMagic
 .text.bootload_verifyApplication
                0x00000798       0xf8 ./gecko_sdk_4.4.3/platform/bootloader/core/btl_bootload.o
                0x00000798                bootload_verifyApplication
 .text.bootload_commitBootloaderUpgrade
                0x00000890       0x50 ./gecko_sdk_4.4.3/platform/bootloader/core/btl_bootload.o
                0x00000890                bootload_commitBootloaderUpgrade
 .text.bootload_commitSeUpgrade
                0x000008e0       0x34 ./gecko_sdk_4.4.3/platform/bootloader/core/btl_bootload.o
                0x000008e0                bootload_commitSeUpgrade
 .text.startup.main
                0x00000914       0xa0 ./gecko_sdk_4.4.3/platform/bootloader/core/btl_main.o
                0x00000914                main
 .text.SystemInit2
                0x000009b4       0xe8 ./gecko_sdk_4.4.3/platform/bootloader/core/btl_main.o
                0x000009b4                SystemInit2
 .text.reset_invalidateResetReason
                0x00000a9c       0x10 ./gecko_sdk_4.4.3/platform/bootloader/core/btl_reset.o
                0x00000a9c                reset_invalidateResetReason
 .text.reset_resetCounterEnabled
                0x00000aac       0x1c ./gecko_sdk_4.4.3/platform/bootloader/core/btl_reset.o
                0x00000aac                reset_resetCounterEnabled
 .text.reset_setResetReason
                0x00000ac8       0x18 ./gecko_sdk_4.4.3/platform/bootloader/core/btl_reset.o
                0x00000ac8                reset_setResetReason
 .text.reset_resetWithReason
                0x00000ae0       0x28 ./gecko_sdk_4.4.3/platform/bootloader/core/btl_reset.o
                0x00000ae0                reset_resetWithReason
 .text.reset_classifyReset
                0x00000b08       0x2c ./gecko_sdk_4.4.3/platform/bootloader/core/btl_reset.o
                0x00000b08                reset_classifyReset
 .text.flash_erasePage
                0x00000b34       0x1c ./gecko_sdk_4.4.3/platform/bootloader/core/flash/btl_internal_flash.o
                0x00000b34                flash_erasePage
 .text.flash_writeBuffer_dma
                0x00000b50       0x50 ./gecko_sdk_4.4.3/platform/bootloader/core/flash/btl_internal_flash.o
                0x00000b50                flash_writeBuffer_dma
 .text.gbl_getTagParsingInfoFromTagId
                0x00000ba0       0x24 ./gecko_sdk_4.4.3/platform/bootloader/parser/gbl/btl_gbl_format.o
                0x00000ba0                gbl_getTagParsingInfoFromTagId
 .text.gbl_parseHeader
                0x00000bc4       0x7c ./gecko_sdk_4.4.3/platform/bootloader/parser/gbl/btl_gbl_parser.o
 .text.gbl_writeProgData
                0x00000c40       0xa4 ./gecko_sdk_4.4.3/platform/bootloader/parser/gbl/btl_gbl_parser.o
                0x00000c40                gbl_writeProgData
 .text.parser_init
                0x00000ce4       0x74 ./gecko_sdk_4.4.3/platform/bootloader/parser/gbl/btl_gbl_parser.o
                0x00000ce4                parser_init
 .text.parser_parse
                0x00000d58      0x694 ./gecko_sdk_4.4.3/platform/bootloader/parser/gbl/btl_gbl_parser.o
                0x00000d58                parser_parse
 .text.btl_crc32Stream
                0x000013ec       0x30 ./gecko_sdk_4.4.3/platform/bootloader/security/btl_crc32.o
                0x000013ec                btl_crc32Stream
 .text.btl_initAesCcm
                0x0000141c       0x54 ./gecko_sdk_4.4.3/platform/bootloader/security/btl_security_aes.o
                0x0000141c                btl_initAesCcm
 .text.btl_verifyEcdsaP256r1
                0x00001470       0xf4 ./gecko_sdk_4.4.3/platform/bootloader/security/btl_security_ecdsa.o
                0x00001470                btl_verifyEcdsaP256r1
 .text.btl_initSha256
                0x00001564       0x28 ./gecko_sdk_4.4.3/platform/bootloader/security/btl_security_sha256.o
                0x00001564                btl_initSha256
 .text.btl_getSignedBootloaderKeyXPtr
                0x0000158c        0x8 ./gecko_sdk_4.4.3/platform/bootloader/security/btl_security_tokens.o
                0x0000158c                btl_getSignedBootloaderKeyXPtr
 .text.btl_getSignedBootloaderKeyYPtr
                0x00001594        0x8 ./gecko_sdk_4.4.3/platform/bootloader/security/btl_security_tokens.o
                0x00001594                btl_getSignedBootloaderKeyYPtr
 .text.btl_getImageFileEncryptionKeyPtr
                0x0000159c        0x8 ./gecko_sdk_4.4.3/platform/bootloader/security/btl_security_tokens.o
                0x0000159c                btl_getImageFileEncryptionKeyPtr
 .text.sha_x_update
                0x000015a4       0xbc ./gecko_sdk_4.4.3/platform/bootloader/security/sha/btl_sha256.o
                0x000015a4                sha_x_update
 .text.sha_x_finish.part.0
                0x00001660       0x98 ./gecko_sdk_4.4.3/platform/bootloader/security/sha/btl_sha256.o
 .text.EMU_VScaleGet
                0x000016f8       0x18 ./gecko_sdk_4.4.3/platform/emlib/src/em_cmu.o
 .text.em01GrpaClkGet
                0x00001710       0x48 ./gecko_sdk_4.4.3/platform/emlib/src/em_cmu.o
 .text.iadcClkGet
                0x00001758       0x44 ./gecko_sdk_4.4.3/platform/emlib/src/em_cmu.o
 .text.em01GrpbClkGet
                0x0000179c       0x68 ./gecko_sdk_4.4.3/platform/emlib/src/em_cmu.o
 .text.em23GrpaClkGet
                0x00001804       0x48 ./gecko_sdk_4.4.3/platform/emlib/src/em_cmu.o
 .text.wdog0ClkGet
                0x0000184c       0x58 ./gecko_sdk_4.4.3/platform/emlib/src/em_cmu.o
 .text.rtccClkGet
                0x000018a4       0x48 ./gecko_sdk_4.4.3/platform/emlib/src/em_cmu.o
 .text.em4GrpaClkGet
                0x000018ec       0x48 ./gecko_sdk_4.4.3/platform/emlib/src/em_cmu.o
 .text.euart0ClkGet
                0x00001934       0x3c ./gecko_sdk_4.4.3/platform/emlib/src/em_cmu.o
 .text.CMU_ClockDivGet
                0x00001970       0x54 ./gecko_sdk_4.4.3/platform/emlib/src/em_cmu.o
                0x00001970                CMU_ClockDivGet
 .text.flashWaitStateControl
                0x000019c4       0x4c ./gecko_sdk_4.4.3/platform/emlib/src/em_cmu.o
 .text.CMU_ClockEnable
                0x00001a10       0x40 ./gecko_sdk_4.4.3/platform/emlib/src/em_cmu.o
                0x00001a10                CMU_ClockEnable
 .text.rhclkPrescOptimize
                0x00001a50       0x20 ./gecko_sdk_4.4.3/platform/emlib/src/em_cmu.o
 .text.CMU_ClockSelectGet
                0x00001a70      0x154 ./gecko_sdk_4.4.3/platform/emlib/src/em_cmu.o
                0x00001a70                CMU_ClockSelectGet
 .text.sli_em_cmu_HFXOSetForceEnable
                0x00001bc4       0x18 ./gecko_sdk_4.4.3/platform/emlib/src/em_cmu.o
                0x00001bc4                sli_em_cmu_HFXOSetForceEnable
 .text.CMU_HFXOInit
                0x00001bdc      0x138 ./gecko_sdk_4.4.3/platform/emlib/src/em_cmu.o
                0x00001bdc                CMU_HFXOInit
 .text.CMU_HFXOCTuneDeltaGet
                0x00001d14        0xc ./gecko_sdk_4.4.3/platform/emlib/src/em_cmu.o
                0x00001d14                CMU_HFXOCTuneDeltaGet
 .text.CMU_HFXOPrecisionSet
                0x00001d20        0xc ./gecko_sdk_4.4.3/platform/emlib/src/em_cmu.o
                0x00001d20                CMU_HFXOPrecisionSet
 .text.CMU_ClockDivSet
                0x00001d2c       0xac ./gecko_sdk_4.4.3/platform/emlib/src/em_cmu.o
                0x00001d2c                CMU_ClockDivSet
 .text.sli_em_cmu_SYSCLKInitPreClockSelect
                0x00001dd8       0x20 ./gecko_sdk_4.4.3/platform/emlib/src/em_cmu.o
                0x00001dd8                sli_em_cmu_SYSCLKInitPreClockSelect
 .text.pclkDivOptimize
                0x00001df8       0x24 ./gecko_sdk_4.4.3/platform/emlib/src/em_cmu.o
 .text.EMU_VScaleEM01
                0x00001e1c       0x80 ./gecko_sdk_4.4.3/platform/emlib/src/em_emu.o
                0x00001e1c                EMU_VScaleEM01
 .text.EMU_VScaleEM01ByClock
                0x00001e9c       0x30 ./gecko_sdk_4.4.3/platform/emlib/src/em_emu.o
                0x00001e9c                EMU_VScaleEM01ByClock
 .text.EMU_DCDCModeSet
                0x00001ecc       0xb8 ./gecko_sdk_4.4.3/platform/emlib/src/em_emu.o
                0x00001ecc                EMU_DCDCModeSet
 .text.EMU_DCDCInit
                0x00001f84       0x74 ./gecko_sdk_4.4.3/platform/emlib/src/em_emu.o
                0x00001f84                EMU_DCDCInit
 .text.mscStatusWait
                0x00001ff8       0x54 ./gecko_sdk_4.4.3/platform/emlib/src/em_msc.o
                0x00001ff8                mscStatusWait
 .text.MSC_ErasePage
                0x0000204c       0x54 ./gecko_sdk_4.4.3/platform/emlib/src/em_msc.o
                0x0000204c                MSC_ErasePage
 .text.MSC_WriteWordDma
                0x000020a0       0xdc ./gecko_sdk_4.4.3/platform/emlib/src/em_msc.o
                0x000020a0                MSC_WriteWordDma
 .text.SE_executeCommand
                0x0000217c      0x104 ./gecko_sdk_4.4.3/platform/emlib/src/em_se.o
                0x0000217c                SE_executeCommand
 .text.rootIsOutputMailboxValid
                0x00002280       0x7c ./gecko_sdk_4.4.3/platform/emlib/src/em_se.o
                0x00002280                rootIsOutputMailboxValid
 .text.SE_getVersion
                0x000022fc       0x50 ./gecko_sdk_4.4.3/platform/emlib/src/em_se.o
                0x000022fc                SE_getVersion
 .text.SYSTEM_ChipRevisionGet
                0x0000234c       0x24 ./gecko_sdk_4.4.3/platform/emlib/src/em_system.o
                0x0000234c                SYSTEM_ChipRevisionGet
 .text.SYSTEM_GetUnique
                0x00002370        0xc ./gecko_sdk_4.4.3/platform/emlib/src/em_system.o
                0x00002370                SYSTEM_GetUnique
 .text.SYSTEM_GetProdRev
                0x0000237c       0x10 ./gecko_sdk_4.4.3/platform/emlib/src/em_system.o
                0x0000237c                SYSTEM_GetProdRev
 .text.RAIL_InitTxPowerCurvesAlt
                0x0000238c       0x20 ./gecko_sdk_4.4.3/platform/radio/rail_lib/plugin/pa-conversions/pa_conversions_efr32.o
                0x0000238c                RAIL_InitTxPowerCurvesAlt
 .text.RAIL_ConvertDbmToRaw
                0x000023ac       0xfc ./gecko_sdk_4.4.3/platform/radio/rail_lib/plugin/pa-conversions/pa_conversions_efr32.o
                0x000023ac                RAIL_ConvertDbmToRaw
 .text.sl_rail_util_pa_init
                0x000024a8       0x18 ./gecko_sdk_4.4.3/platform/radio/rail_lib/plugin/pa-conversions/pa_conversions_efr32.o
                0x000024a8                sl_rail_util_pa_init
 .text.sl_rail_util_pa_get_tx_power_config_2p4ghz
                0x000024c0        0x8 ./gecko_sdk_4.4.3/platform/radio/rail_lib/plugin/pa-conversions/pa_conversions_efr32.o
                0x000024c0                sl_rail_util_pa_get_tx_power_config_2p4ghz
 .text.ba414ep_set_command
                0x000024c8       0x38 ./gecko_sdk_4.4.3/platform/security/sl_component/sl_cryptoacc_library/src/ba414ep_config.o
                0x000024c8                ba414ep_set_command
 .text.ba414ep_start_wait_status
                0x00002500       0x1c ./gecko_sdk_4.4.3/platform/security/sl_component/sl_cryptoacc_library/src/ba414ep_config.o
                0x00002500                ba414ep_start_wait_status
 .text.cryptodma_config_sg
                0x0000251c       0x10 ./gecko_sdk_4.4.3/platform/security/sl_component/sl_cryptoacc_library/src/cryptodma_internal.o
                0x0000251c                cryptodma_config_sg
 .text.cryptodma_config_direct
                0x0000252c       0x5c ./gecko_sdk_4.4.3/platform/security/sl_component/sl_cryptoacc_library/src/cryptodma_internal.o
                0x0000252c                cryptodma_config_direct
 .text.cryptodma_start
                0x00002588       0x14 ./gecko_sdk_4.4.3/platform/security/sl_component/sl_cryptoacc_library/src/cryptodma_internal.o
                0x00002588                cryptodma_start
 .text.cryptodma_wait
                0x0000259c       0x10 ./gecko_sdk_4.4.3/platform/security/sl_component/sl_cryptoacc_library/src/cryptodma_internal.o
                0x0000259c                cryptodma_wait
 .text.cryptodma_check_bus_error
                0x000025ac       0x18 ./gecko_sdk_4.4.3/platform/security/sl_component/sl_cryptoacc_library/src/cryptodma_internal.o
                0x000025ac                cryptodma_check_bus_error
 .text.cryptodma_check_status
                0x000025c4       0x28 ./gecko_sdk_4.4.3/platform/security/sl_component/sl_cryptoacc_library/src/cryptodma_internal.o
                0x000025c4                cryptodma_check_status
 .text.sx_aes_set_hw_config_for_key
                0x000025ec       0x78 ./gecko_sdk_4.4.3/platform/security/sl_component/sl_cryptoacc_library/src/sx_aes.o
                0x000025ec                sx_aes_set_hw_config_for_key
 .text.sx_aes_ecb_encrypt
                0x00002664       0x28 ./gecko_sdk_4.4.3/platform/security/sl_component/sl_cryptoacc_library/src/sx_aes.o
                0x00002664                sx_aes_ecb_encrypt
 .text.sx_aes_ecb_decrypt
                0x0000268c       0x28 ./gecko_sdk_4.4.3/platform/security/sl_component/sl_cryptoacc_library/src/sx_aes.o
                0x0000268c                sx_aes_ecb_decrypt
 .text.sx_aes_ctr_encrypt_update
                0x000026b4       0x30 ./gecko_sdk_4.4.3/platform/security/sl_component/sl_cryptoacc_library/src/sx_aes.o
                0x000026b4                sx_aes_ctr_encrypt_update
 .text.sx_blk_cipher_ecb
                0x000026e4       0x54 ./gecko_sdk_4.4.3/platform/security/sl_component/sl_cryptoacc_library/src/sx_blk_cipher.o
                0x000026e4                sx_blk_cipher_ecb
 .text.sx_blk_cipher_cbc_ctr_ofb_cfb_update
                0x00002738       0x78 ./gecko_sdk_4.4.3/platform/security/sl_component/sl_cryptoacc_library/src/sx_blk_cipher.o
                0x00002738                sx_blk_cipher_cbc_ctr_ofb_cfb_update
 .text.sx_hash_get_digest_size
                0x000027b0       0x14 ./gecko_sdk_4.4.3/platform/security/sl_component/sl_cryptoacc_library/src/sx_hash.o
                0x000027b0                sx_hash_get_digest_size
 .text.sx_hash_get_state_size
                0x000027c4       0x14 ./gecko_sdk_4.4.3/platform/security/sl_component/sl_cryptoacc_library/src/sx_hash.o
                0x000027c4                sx_hash_get_state_size
 .text.sx_hash_internal
                0x000027d8      0x200 ./gecko_sdk_4.4.3/platform/security/sl_component/sl_cryptoacc_library/src/sx_hash.o
 .text.cryptoacc_management_acquire
                0x000029d8       0x18 ./gecko_sdk_4.4.3/platform/security/sl_component/sl_psa_driver/src/cryptoacc_management.o
                0x000029d8                cryptoacc_management_acquire
 .text.cryptoacc_management_release
                0x000029f0       0x18 ./gecko_sdk_4.4.3/platform/security/sl_component/sl_psa_driver/src/cryptoacc_management.o
                0x000029f0                cryptoacc_management_release
 .text.sl_device_init_dcdc
                0x00002a08       0x20 ./gecko_sdk_4.4.3/platform/service/device_init/src/sl_device_init_dcdc_s2.o
                0x00002a08                sl_device_init_dcdc
 .text.sl_device_init_hfxo
                0x00002a28       0x70 ./gecko_sdk_4.4.3/platform/service/device_init/src/sl_device_init_hfxo_s2.o
                0x00002a28                sl_device_init_hfxo
 .text.sl_apploader_set_database
                0x00002a98        0xc C:/Users/anurag.singh/SimplicityStudio/SDKs/gecko_sdk//protocol/bluetooth/lib/EFR32XG22/GCC/libapploader.a(apploader_lib_api.c.obj)
                0x00002a98                sl_apploader_set_database
 .text.sl_apploader_reset_database
                0x00002aa4        0xc C:/Users/anurag.singh/SimplicityStudio/SDKs/gecko_sdk//protocol/bluetooth/lib/EFR32XG22/GCC/libapploader.a(apploader_lib_api.c.obj)
                0x00002aa4                sl_apploader_reset_database
 .text.sl_apploader_database_add_gatt_service
                0x00002ab0        0xc C:/Users/anurag.singh/SimplicityStudio/SDKs/gecko_sdk//protocol/bluetooth/lib/EFR32XG22/GCC/libapploader.a(apploader_lib_api.c.obj)
                0x00002ab0                sl_apploader_database_add_gatt_service
 .text.sl_apploader_database_add_gap_service
                0x00002abc       0x10 C:/Users/anurag.singh/SimplicityStudio/SDKs/gecko_sdk//protocol/bluetooth/lib/EFR32XG22/GCC/libapploader.a(apploader_lib_api.c.obj)
                0x00002abc                sl_apploader_database_add_gap_service
 .text.sl_apploader_database_add_ota_service
                0x00002acc        0xc C:/Users/anurag.singh/SimplicityStudio/SDKs/gecko_sdk//protocol/bluetooth/lib/EFR32XG22/GCC/libapploader.a(apploader_lib_api.c.obj)
                0x00002acc                sl_apploader_database_add_ota_service
 .text.gattDatabase_addService
                0x00002ad8       0x24 C:/Users/anurag.singh/SimplicityStudio/SDKs/gecko_sdk//protocol/bluetooth/lib/EFR32XG22/GCC/libapploader.a(gatt_database.c.obj)
                0x00002ad8                gattDatabase_addService
 .text.gattDatabase_addCharacteristic
                0x00002afc       0x60 C:/Users/anurag.singh/SimplicityStudio/SDKs/gecko_sdk//protocol/bluetooth/lib/EFR32XG22/GCC/libapploader.a(gatt_database.c.obj)
                0x00002afc                gattDatabase_addCharacteristic
 .text.bt_addGattService
                0x00002b5c       0x60 C:/Users/anurag.singh/SimplicityStudio/SDKs/gecko_sdk//protocol/bluetooth/lib/EFR32XG22/GCC/libapploader.a(bt_database.c.obj)
                0x00002b5c                bt_addGattService
 .text.bt_addGapService
                0x00002bbc       0x48 C:/Users/anurag.singh/SimplicityStudio/SDKs/gecko_sdk//protocol/bluetooth/lib/EFR32XG22/GCC/libapploader.a(bt_database.c.obj)
                0x00002bbc                bt_addGapService
 .text.applicationVersionCallback
                0x00002c04       0x1c C:/Users/anurag.singh/SimplicityStudio/SDKs/gecko_sdk//protocol/bluetooth/lib/EFR32XG22/GCC/libapploader.a(dfu_database.c.obj)
 .text.bootloaderVersionCallback
                0x00002c20       0x1c C:/Users/anurag.singh/SimplicityStudio/SDKs/gecko_sdk//protocol/bluetooth/lib/EFR32XG22/GCC/libapploader.a(dfu_database.c.obj)
 .text.dfu_addOtaService
                0x00002c3c      0x148 C:/Users/anurag.singh/SimplicityStudio/SDKs/gecko_sdk//protocol/bluetooth/lib/EFR32XG22/GCC/libapploader.a(dfu_database.c.obj)
                0x00002c3c                dfu_addOtaService
 .text.sendPduData.constprop.0
                0x00002d84       0x28 C:/Users/anurag.singh/SimplicityStudio/SDKs/gecko_sdk//protocol/bluetooth/lib/EFR32XG22/GCC/libapploader.a(att.c.obj)
 .text.att_init
                0x00002dac        0xc C:/Users/anurag.singh/SimplicityStudio/SDKs/gecko_sdk//protocol/bluetooth/lib/EFR32XG22/GCC/libapploader.a(att.c.obj)
                0x00002dac                att_init
 .text.att_sendErrorRsp
                0x00002db8       0x44 C:/Users/anurag.singh/SimplicityStudio/SDKs/gecko_sdk//protocol/bluetooth/lib/EFR32XG22/GCC/libapploader.a(att.c.obj)
                0x00002db8                att_sendErrorRsp
 .text.att_sendExchangeMtuRsp
                0x00002dfc       0x38 C:/Users/anurag.singh/SimplicityStudio/SDKs/gecko_sdk//protocol/bluetooth/lib/EFR32XG22/GCC/libapploader.a(att.c.obj)
                0x00002dfc                att_sendExchangeMtuRsp
 .text.att_sendFindInformationRsp
                0x00002e34       0x48 C:/Users/anurag.singh/SimplicityStudio/SDKs/gecko_sdk//protocol/bluetooth/lib/EFR32XG22/GCC/libapploader.a(att.c.obj)
                0x00002e34                att_sendFindInformationRsp
 .text.att_sendFindByTypeValueRsp
                0x00002e7c       0x40 C:/Users/anurag.singh/SimplicityStudio/SDKs/gecko_sdk//protocol/bluetooth/lib/EFR32XG22/GCC/libapploader.a(att.c.obj)
                0x00002e7c                att_sendFindByTypeValueRsp
 .text.att_sendReadRsp
                0x00002ebc       0x34 C:/Users/anurag.singh/SimplicityStudio/SDKs/gecko_sdk//protocol/bluetooth/lib/EFR32XG22/GCC/libapploader.a(att.c.obj)
                0x00002ebc                att_sendReadRsp
 .text.att_sendWriteRsp
                0x00002ef0       0x30 C:/Users/anurag.singh/SimplicityStudio/SDKs/gecko_sdk//protocol/bluetooth/lib/EFR32XG22/GCC/libapploader.a(att.c.obj)
                0x00002ef0                att_sendWriteRsp
 .text.att_sendReadByTypeRsp
                0x00002f20       0x40 C:/Users/anurag.singh/SimplicityStudio/SDKs/gecko_sdk//protocol/bluetooth/lib/EFR32XG22/GCC/libapploader.a(att.c.obj)
                0x00002f20                att_sendReadByTypeRsp
 .text.att_sendReadByGroupTypeRsp
                0x00002f60       0x48 C:/Users/anurag.singh/SimplicityStudio/SDKs/gecko_sdk//protocol/bluetooth/lib/EFR32XG22/GCC/libapploader.a(att.c.obj)
                0x00002f60                att_sendReadByGroupTypeRsp
 .text.att_pdu  0x00002fa8       0x44 C:/Users/anurag.singh/SimplicityStudio/SDKs/gecko_sdk//protocol/bluetooth/lib/EFR32XG22/GCC/libapploader.a(att.c.obj)
                0x00002fa8                att_pdu
 .text.getAttribute
                0x00002fec       0x50 C:/Users/anurag.singh/SimplicityStudio/SDKs/gecko_sdk//protocol/bluetooth/lib/EFR32XG22/GCC/libapploader.a(att_database.c.obj)
 .text.attDatabase_init
                0x0000303c       0x10 C:/Users/anurag.singh/SimplicityStudio/SDKs/gecko_sdk//protocol/bluetooth/lib/EFR32XG22/GCC/libapploader.a(att_database.c.obj)
                0x0000303c                attDatabase_init
 .text.attServer_pdu
                0x0000304c      0x3bc C:/Users/anurag.singh/SimplicityStudio/SDKs/gecko_sdk//protocol/bluetooth/lib/EFR32XG22/GCC/libapploader.a(att_server.c.obj)
                0x0000304c                attServer_pdu
 .text.l2cap_init
                0x00003408        0xc C:/Users/anurag.singh/SimplicityStudio/SDKs/gecko_sdk//protocol/bluetooth/lib/EFR32XG22/GCC/libapploader.a(l2cap.c.obj)
                0x00003408                l2cap_init
 .text.l2cap_pdu
                0x00003414       0x4c C:/Users/anurag.singh/SimplicityStudio/SDKs/gecko_sdk//protocol/bluetooth/lib/EFR32XG22/GCC/libapploader.a(l2cap.c.obj)
                0x00003414                l2cap_pdu
 .text.l2cap_run
                0x00003460       0x4c C:/Users/anurag.singh/SimplicityStudio/SDKs/gecko_sdk//protocol/bluetooth/lib/EFR32XG22/GCC/libapploader.a(l2cap.c.obj)
                0x00003460                l2cap_run
 .text.hci_init
                0x000034ac       0x54 C:/Users/anurag.singh/SimplicityStudio/SDKs/gecko_sdk//protocol/bluetooth/lib/EFR32XG22/GCC/libapploader.a(hci.c.obj)
                0x000034ac                hci_init
 .text.hci_readTxData
                0x00003500       0x18 C:/Users/anurag.singh/SimplicityStudio/SDKs/gecko_sdk//protocol/bluetooth/lib/EFR32XG22/GCC/libapploader.a(hci.c.obj)
                0x00003500                hci_readTxData
 .text.hci_moreTxData
                0x00003518       0x14 C:/Users/anurag.singh/SimplicityStudio/SDKs/gecko_sdk//protocol/bluetooth/lib/EFR32XG22/GCC/libapploader.a(hci.c.obj)
                0x00003518                hci_moreTxData
 .text.hci_readAclData
                0x0000352c       0x2c C:/Users/anurag.singh/SimplicityStudio/SDKs/gecko_sdk//protocol/bluetooth/lib/EFR32XG22/GCC/libapploader.a(hci.c.obj)
                0x0000352c                hci_readAclData
 .text.hci_isAclDataInBuffer
                0x00003558       0x14 C:/Users/anurag.singh/SimplicityStudio/SDKs/gecko_sdk//protocol/bluetooth/lib/EFR32XG22/GCC/libapploader.a(hci.c.obj)
                0x00003558                hci_isAclDataInBuffer
 .text.hci_writeAclData
                0x0000356c       0x2c C:/Users/anurag.singh/SimplicityStudio/SDKs/gecko_sdk//protocol/bluetooth/lib/EFR32XG22/GCC/libapploader.a(hci.c.obj)
                0x0000356c                hci_writeAclData
 .text.hci_isSpaceForRxData
                0x00003598       0x1c C:/Users/anurag.singh/SimplicityStudio/SDKs/gecko_sdk//protocol/bluetooth/lib/EFR32XG22/GCC/libapploader.a(hci_sync.c.obj)
                0x00003598                hci_isSpaceForRxData
 .text.hci_writeRxData
                0x000035b4       0x28 C:/Users/anurag.singh/SimplicityStudio/SDKs/gecko_sdk//protocol/bluetooth/lib/EFR32XG22/GCC/libapploader.a(hci_sync.c.obj)
                0x000035b4                hci_writeRxData
 .text.terminationProcedure
                0x000035dc       0x14 C:/Users/anurag.singh/SimplicityStudio/SDKs/gecko_sdk//protocol/bluetooth/lib/EFR32XG22/GCC/libapploader.a(llcp.c.obj)
 .text.channelMapUpdateProcedure
                0x000035f0       0x3c C:/Users/anurag.singh/SimplicityStudio/SDKs/gecko_sdk//protocol/bluetooth/lib/EFR32XG22/GCC/libapploader.a(llcp.c.obj)
 .text.connectionUpdateProcedure
                0x0000362c       0x50 C:/Users/anurag.singh/SimplicityStudio/SDKs/gecko_sdk//protocol/bluetooth/lib/EFR32XG22/GCC/libapploader.a(llcp.c.obj)
 .text.llcp_initProcedure
                0x0000367c        0xc C:/Users/anurag.singh/SimplicityStudio/SDKs/gecko_sdk//protocol/bluetooth/lib/EFR32XG22/GCC/libapploader.a(llcp.c.obj)
                0x0000367c                llcp_initProcedure
 .text.llcp_endProcedure
                0x00003688        0xc C:/Users/anurag.singh/SimplicityStudio/SDKs/gecko_sdk//protocol/bluetooth/lib/EFR32XG22/GCC/libapploader.a(llcp.c.obj)
                0x00003688                llcp_endProcedure
 .text.llcp_procedure
                0x00003694       0x14 C:/Users/anurag.singh/SimplicityStudio/SDKs/gecko_sdk//protocol/bluetooth/lib/EFR32XG22/GCC/libapploader.a(llcp.c.obj)
                0x00003694                llcp_procedure
 .text.llcp_initPacket
                0x000036a8        0xc C:/Users/anurag.singh/SimplicityStudio/SDKs/gecko_sdk//protocol/bluetooth/lib/EFR32XG22/GCC/libapploader.a(llcp.c.obj)
                0x000036a8                llcp_initPacket
 .text.llcp_terminate
                0x000036b4       0x54 C:/Users/anurag.singh/SimplicityStudio/SDKs/gecko_sdk//protocol/bluetooth/lib/EFR32XG22/GCC/libapploader.a(llcp.c.obj)
                0x000036b4                llcp_terminate
 .text.llcp_pdu
                0x00003708      0x240 C:/Users/anurag.singh/SimplicityStudio/SDKs/gecko_sdk//protocol/bluetooth/lib/EFR32XG22/GCC/libapploader.a(llcp.c.obj)
                0x00003708                llcp_pdu
 .text.phyUpdateProcedure
                0x00003948       0x30 C:/Users/anurag.singh/SimplicityStudio/SDKs/gecko_sdk//protocol/bluetooth/lib/EFR32XG22/GCC/libapploader.a(llcp_phy.c.obj)
 .text.llcp_phyInit
                0x00003978        0xc C:/Users/anurag.singh/SimplicityStudio/SDKs/gecko_sdk//protocol/bluetooth/lib/EFR32XG22/GCC/libapploader.a(llcp_phy.c.obj)
                0x00003978                llcp_phyInit
 .text.llcp_phyPdu
                0x00003984       0xb4 C:/Users/anurag.singh/SimplicityStudio/SDKs/gecko_sdk//protocol/bluetooth/lib/EFR32XG22/GCC/libapploader.a(llcp_phy.c.obj)
                0x00003984                llcp_phyPdu
 .text.setTransition
                0x00003a38       0x40 C:/Users/anurag.singh/SimplicityStudio/SDKs/gecko_sdk//protocol/bluetooth/lib/EFR32XG22/GCC/libapploader.a(radio.c.obj)
 .text.eventRail
                0x00003a78       0xd4 C:/Users/anurag.singh/SimplicityStudio/SDKs/gecko_sdk//protocol/bluetooth/lib/EFR32XG22/GCC/libapploader.a(radio.c.obj)
 .text.radio_loadData
                0x00003b4c       0x14 C:/Users/anurag.singh/SimplicityStudio/SDKs/gecko_sdk//protocol/bluetooth/lib/EFR32XG22/GCC/libapploader.a(radio.c.obj)
                0x00003b4c                radio_loadData
 .text.radio_tx
                0x00003b60       0x64 C:/Users/anurag.singh/SimplicityStudio/SDKs/gecko_sdk//protocol/bluetooth/lib/EFR32XG22/GCC/libapploader.a(radio.c.obj)
                0x00003b60                radio_tx
 .text.radio_rx
                0x00003bc4       0x7c C:/Users/anurag.singh/SimplicityStudio/SDKs/gecko_sdk//protocol/bluetooth/lib/EFR32XG22/GCC/libapploader.a(radio.c.obj)
                0x00003bc4                radio_rx
 .text.radio_abort
                0x00003c40       0x24 C:/Users/anurag.singh/SimplicityStudio/SDKs/gecko_sdk//protocol/bluetooth/lib/EFR32XG22/GCC/libapploader.a(radio.c.obj)
                0x00003c40                radio_abort
 .text.radio_getAddress
                0x00003c64        0x8 C:/Users/anurag.singh/SimplicityStudio/SDKs/gecko_sdk//protocol/bluetooth/lib/EFR32XG22/GCC/libapploader.a(radio.c.obj)
                0x00003c64                radio_getAddress
 .text.radio_getSupportedFeatures
                0x00003c6c        0xc C:/Users/anurag.singh/SimplicityStudio/SDKs/gecko_sdk//protocol/bluetooth/lib/EFR32XG22/GCC/libapploader.a(radio.c.obj)
                0x00003c6c                radio_getSupportedFeatures
 .text.radio_getRxPacketTimestamp
                0x00003c78       0x28 C:/Users/anurag.singh/SimplicityStudio/SDKs/gecko_sdk//protocol/bluetooth/lib/EFR32XG22/GCC/libapploader.a(radio.c.obj)
                0x00003c78                radio_getRxPacketTimestamp
 .text.radio_configure
                0x00003ca0       0x24 C:/Users/anurag.singh/SimplicityStudio/SDKs/gecko_sdk//protocol/bluetooth/lib/EFR32XG22/GCC/libapploader.a(radio.c.obj)
                0x00003ca0                radio_configure
 .text.radio_phyInit
                0x00003cc4       0x10 C:/Users/anurag.singh/SimplicityStudio/SDKs/gecko_sdk//protocol/bluetooth/lib/EFR32XG22/GCC/libapploader.a(radio_phy.c.obj)
                0x00003cc4                radio_phyInit
 .text.radio_phyConfig
                0x00003cd4       0x40 C:/Users/anurag.singh/SimplicityStudio/SDKs/gecko_sdk//protocol/bluetooth/lib/EFR32XG22/GCC/libapploader.a(radio_phy.c.obj)
                0x00003cd4                radio_phyConfig
 .text.dfu_begin
                0x00003d14       0x30 C:/Users/anurag.singh/SimplicityStudio/SDKs/gecko_sdk//protocol/bluetooth/lib/EFR32XG22/GCC/libapploader.a(dfu.c.obj)
                0x00003d14                dfu_begin
 .text.dfu_end  0x00003d44       0x28 C:/Users/anurag.singh/SimplicityStudio/SDKs/gecko_sdk//protocol/bluetooth/lib/EFR32XG22/GCC/libapploader.a(dfu.c.obj)
                0x00003d44                dfu_end
 .text.dfu_data
                0x00003d6c       0x58 C:/Users/anurag.singh/SimplicityStudio/SDKs/gecko_sdk//protocol/bluetooth/lib/EFR32XG22/GCC/libapploader.a(dfu.c.obj)
                0x00003d6c                dfu_data
 .text.dfu_parse
                0x00003dc4       0x64 C:/Users/anurag.singh/SimplicityStudio/SDKs/gecko_sdk//protocol/bluetooth/lib/EFR32XG22/GCC/libapploader.a(dfu_gbl_btl_plugin.c.obj)
                0x00003dc4                dfu_parse
 .text.dfu_clean
                0x00003e28        0xc C:/Users/anurag.singh/SimplicityStudio/SDKs/gecko_sdk//protocol/bluetooth/lib/EFR32XG22/GCC/libapploader.a(dfu_gbl_btl_plugin.c.obj)
                0x00003e28                dfu_clean
 .text.txAdvPacket
                0x00003e34       0x58 C:/Users/anurag.singh/SimplicityStudio/SDKs/gecko_sdk//protocol/bluetooth/lib/EFR32XG22/GCC/libapploader.a(adv.c.obj)
 .text.adv_callback
                0x00003e8c       0xa4 C:/Users/anurag.singh/SimplicityStudio/SDKs/gecko_sdk//protocol/bluetooth/lib/EFR32XG22/GCC/libapploader.a(adv.c.obj)
 .text.adv_init
                0x00003f30       0x38 C:/Users/anurag.singh/SimplicityStudio/SDKs/gecko_sdk//protocol/bluetooth/lib/EFR32XG22/GCC/libapploader.a(adv.c.obj)
                0x00003f30                adv_init
 .text.adv_enable
                0x00003f68       0x9c C:/Users/anurag.singh/SimplicityStudio/SDKs/gecko_sdk//protocol/bluetooth/lib/EFR32XG22/GCC/libapploader.a(adv.c.obj)
                0x00003f68                adv_enable
 .text.adv_setAdvertisingData
                0x00004004       0x24 C:/Users/anurag.singh/SimplicityStudio/SDKs/gecko_sdk//protocol/bluetooth/lib/EFR32XG22/GCC/libapploader.a(adv.c.obj)
                0x00004004                adv_setAdvertisingData
 .text.adv_setScanResponseData
                0x00004028       0x28 C:/Users/anurag.singh/SimplicityStudio/SDKs/gecko_sdk//protocol/bluetooth/lib/EFR32XG22/GCC/libapploader.a(adv.c.obj)
                0x00004028                adv_setScanResponseData
 .text.resetTimeout
                0x00004050       0x3c C:/Users/anurag.singh/SimplicityStudio/SDKs/gecko_sdk//protocol/bluetooth/lib/EFR32XG22/GCC/libapploader.a(conn.c.obj)
 .text.conn_prepareEvent
                0x0000408c       0x60 C:/Users/anurag.singh/SimplicityStudio/SDKs/gecko_sdk//protocol/bluetooth/lib/EFR32XG22/GCC/libapploader.a(conn.c.obj)
 .text.conn_setChannelMap
                0x000040ec       0x64 C:/Users/anurag.singh/SimplicityStudio/SDKs/gecko_sdk//protocol/bluetooth/lib/EFR32XG22/GCC/libapploader.a(conn.c.obj)
                0x000040ec                conn_setChannelMap
 .text.conn_setWindow
                0x00004150       0x28 C:/Users/anurag.singh/SimplicityStudio/SDKs/gecko_sdk//protocol/bluetooth/lib/EFR32XG22/GCC/libapploader.a(conn.c.obj)
                0x00004150                conn_setWindow
 .text.conn_setParameters
                0x00004178       0x10 C:/Users/anurag.singh/SimplicityStudio/SDKs/gecko_sdk//protocol/bluetooth/lib/EFR32XG22/GCC/libapploader.a(conn.c.obj)
                0x00004178                conn_setParameters
 .text.conn_setPhy
                0x00004188        0xc C:/Users/anurag.singh/SimplicityStudio/SDKs/gecko_sdk//protocol/bluetooth/lib/EFR32XG22/GCC/libapploader.a(conn.c.obj)
                0x00004188                conn_setPhy
 .text.conn_setMaxPacketLength
                0x00004194       0x14 C:/Users/anurag.singh/SimplicityStudio/SDKs/gecko_sdk//protocol/bluetooth/lib/EFR32XG22/GCC/libapploader.a(conn.c.obj)
                0x00004194                conn_setMaxPacketLength
 .text.conn_sendLlcpPdu
                0x000041a8       0x18 C:/Users/anurag.singh/SimplicityStudio/SDKs/gecko_sdk//protocol/bluetooth/lib/EFR32XG22/GCC/libapploader.a(conn.c.obj)
                0x000041a8                conn_sendLlcpPdu
 .text.conn_disconnect
                0x000041c0       0x24 C:/Users/anurag.singh/SimplicityStudio/SDKs/gecko_sdk//protocol/bluetooth/lib/EFR32XG22/GCC/libapploader.a(conn.c.obj)
                0x000041c0                conn_disconnect
 .text.conn_terminate
                0x000041e4       0x34 C:/Users/anurag.singh/SimplicityStudio/SDKs/gecko_sdk//protocol/bluetooth/lib/EFR32XG22/GCC/libapploader.a(conn.c.obj)
                0x000041e4                conn_terminate
 .text.conn_endEvent
                0x00004218       0x58 C:/Users/anurag.singh/SimplicityStudio/SDKs/gecko_sdk//protocol/bluetooth/lib/EFR32XG22/GCC/libapploader.a(conn.c.obj)
 .text.conn_callback
                0x00004270      0x238 C:/Users/anurag.singh/SimplicityStudio/SDKs/gecko_sdk//protocol/bluetooth/lib/EFR32XG22/GCC/libapploader.a(conn.c.obj)
 .text.conn_getEventCounter
                0x000044a8        0xc C:/Users/anurag.singh/SimplicityStudio/SDKs/gecko_sdk//protocol/bluetooth/lib/EFR32XG22/GCC/libapploader.a(conn.c.obj)
                0x000044a8                conn_getEventCounter
 .text.conn_connect
                0x000044b4       0xac C:/Users/anurag.singh/SimplicityStudio/SDKs/gecko_sdk//protocol/bluetooth/lib/EFR32XG22/GCC/libapploader.a(conn.c.obj)
                0x000044b4                conn_connect
 .text.RAIL_Init
                0x00004560       0x4c C:/Users/anurag.singh/SimplicityStudio/SDKs/gecko_sdk//platform/radio/rail_lib/autogen/librail_release/librail_efr32xg22_gcc_release.a(rail_singleprotocol.o)
                0x00004560                RAIL_Init
 .text.RAIL_IsInitialized
                0x000045ac       0x10 C:/Users/anurag.singh/SimplicityStudio/SDKs/gecko_sdk//platform/radio/rail_lib/autogen/librail_release/librail_efr32xg22_gcc_release.a(rail_singleprotocol.o)
                0x000045ac                RAIL_IsInitialized
 .text.RAIL_StartTx
                0x000045bc       0x1c C:/Users/anurag.singh/SimplicityStudio/SDKs/gecko_sdk//platform/radio/rail_lib/autogen/librail_release/librail_efr32xg22_gcc_release.a(rail_singleprotocol.o)
                0x000045bc                RAIL_StartTx
 .text.RAIL_StartScheduledTx
                0x000045d8       0x18 C:/Users/anurag.singh/SimplicityStudio/SDKs/gecko_sdk//platform/radio/rail_lib/autogen/librail_release/librail_efr32xg22_gcc_release.a(rail_singleprotocol.o)
                0x000045d8                RAIL_StartScheduledTx
 .text.RAIL_ScheduleRx
                0x000045f0       0x18 C:/Users/anurag.singh/SimplicityStudio/SDKs/gecko_sdk//platform/radio/rail_lib/autogen/librail_release/librail_efr32xg22_gcc_release.a(rail_singleprotocol.o)
                0x000045f0                RAIL_ScheduleRx
 .text.RAILINT_ba62dd308ed15b1ffe7bd5b874af6d40
                0x00004608       0x1c C:/Users/anurag.singh/SimplicityStudio/SDKs/gecko_sdk//platform/radio/rail_lib/autogen/librail_release/librail_efr32xg22_gcc_release.a(rail_rf.o)
 .text.RAILINT_0ca222f7a680788c307a2bad1be33ff3
                0x00004624       0x4c C:/Users/anurag.singh/SimplicityStudio/SDKs/gecko_sdk//platform/radio/rail_lib/autogen/librail_release/librail_efr32xg22_gcc_release.a(rail_rf.o)
                0x00004624                RAILINT_0ca222f7a680788c307a2bad1be33ff3
 .text.RAILINT_b352de1fdb1fc52c04c6a0cd55987236
                0x00004670       0x4c C:/Users/anurag.singh/SimplicityStudio/SDKs/gecko_sdk//platform/radio/rail_lib/autogen/librail_release/librail_efr32xg22_gcc_release.a(rail_rf.o)
                0x00004670                RAILINT_b352de1fdb1fc52c04c6a0cd55987236
 .text.RAILINT_ae1c971823300cdc95a697ee27859a7c
                0x000046bc       0x24 C:/Users/anurag.singh/SimplicityStudio/SDKs/gecko_sdk//platform/radio/rail_lib/autogen/librail_release/librail_efr32xg22_gcc_release.a(rail_rf.o)
                0x000046bc                RAILINT_ae1c971823300cdc95a697ee27859a7c
 .text.RAILINT_499a6fa84e713dbcc15223a1179c1579
                0x000046e0       0x24 C:/Users/anurag.singh/SimplicityStudio/SDKs/gecko_sdk//platform/radio/rail_lib/autogen/librail_release/librail_efr32xg22_gcc_release.a(rail_rf.o)
                0x000046e0                RAILINT_499a6fa84e713dbcc15223a1179c1579
 .text.RAIL_SetStateTiming
                0x00004704       0x5c C:/Users/anurag.singh/SimplicityStudio/SDKs/gecko_sdk//platform/radio/rail_lib/autogen/librail_release/librail_efr32xg22_gcc_release.a(rail_rf.o)
                0x00004704                RAIL_SetStateTiming
 .text.RAILINT_a414401b72e85e008bc59287e035ef41
                0x00004760      0x110 C:/Users/anurag.singh/SimplicityStudio/SDKs/gecko_sdk//platform/radio/rail_lib/autogen/librail_release/librail_efr32xg22_gcc_release.a(rail_rf.o)
                0x00004760                RAILINT_a414401b72e85e008bc59287e035ef41
 .text.RAILINT_eff06dff73e0f32be1552c4011c2dec9
                0x00004870      0x110 C:/Users/anurag.singh/SimplicityStudio/SDKs/gecko_sdk//platform/radio/rail_lib/autogen/librail_release/librail_efr32xg22_gcc_release.a(rail_rf.o)
                0x00004870                RAILINT_eff06dff73e0f32be1552c4011c2dec9
 .text.RAILINT_f6dbb0a8d6338735e61b94958eb4964b
                0x00004980       0x3c C:/Users/anurag.singh/SimplicityStudio/SDKs/gecko_sdk//platform/radio/rail_lib/autogen/librail_release/librail_efr32xg22_gcc_release.a(rail_rf.o)
                0x00004980                RAILINT_f6dbb0a8d6338735e61b94958eb4964b
 .text.RAILCb_SetupRxFifo
                0x000049bc       0x34 C:/Users/anurag.singh/SimplicityStudio/SDKs/gecko_sdk//platform/radio/rail_lib/autogen/librail_release/librail_efr32xg22_gcc_release.a(rail_data.o)
                0x000049bc                RAILCb_SetupRxFifo
 .text.RAILCb_AssertFailed
                0x000049f0       0x14 C:/Users/anurag.singh/SimplicityStudio/SDKs/gecko_sdk//platform/radio/rail_lib/autogen/librail_release/librail_efr32xg22_gcc_release.a(rail_assert.o)
                0x000049f0                RAILCb_AssertFailed
 .text.RAILINT_205167ae842e22724c3f35c6430eeddb
                0x00004a04       0x2c C:/Users/anurag.singh/SimplicityStudio/SDKs/gecko_sdk//platform/radio/rail_lib/autogen/librail_release/librail_efr32xg22_gcc_release.a(rail_assert.o)
                0x00004a04                RAILINT_205167ae842e22724c3f35c6430eeddb
 .text.RAIL_BLE_ConfigPhy1MbpsViterbi
                0x00004a30        0xc C:/Users/anurag.singh/SimplicityStudio/SDKs/gecko_sdk//platform/radio/rail_lib/autogen/librail_release/librail_efr32xg22_gcc_release.a(rail_ble.o)
                0x00004a30                RAIL_BLE_ConfigPhy1MbpsViterbi
 .text.RAIL_BLE_ConfigPhy2MbpsViterbi
                0x00004a3c        0xc C:/Users/anurag.singh/SimplicityStudio/SDKs/gecko_sdk//platform/radio/rail_lib/autogen/librail_release/librail_efr32xg22_gcc_release.a(rail_ble.o)
                0x00004a3c                RAIL_BLE_ConfigPhy2MbpsViterbi
 .text.RAILINT_14d09babf27325aeb090aac0c6f24436
                0x00004a48       0xa4 C:/Users/anurag.singh/SimplicityStudio/SDKs/gecko_sdk//platform/radio/rail_lib/autogen/librail_release/librail_efr32xg22_gcc_release.a(rail_rf_hal.o)
                0x00004a48                RAILINT_14d09babf27325aeb090aac0c6f24436
 .text.RAILINT_57fa2c163b50cc6661e10e0e7662afb8
                0x00004aec       0x1c C:/Users/anurag.singh/SimplicityStudio/SDKs/gecko_sdk//platform/radio/rail_lib/autogen/librail_release/librail_efr32xg22_gcc_release.a(rail_rf_hal.o)
 .text.RAILINT_cd2294a9b77625e0ea5276bdf2a90514
                0x00004b08       0x38 C:/Users/anurag.singh/SimplicityStudio/SDKs/gecko_sdk//platform/radio/rail_lib/autogen/librail_release/librail_efr32xg22_gcc_release.a(rail_rf_hal.o)
 .text.RAILINT_02e31caf3f8d0fb9ac9f09c35501b4e4
                0x00004b40       0x2c C:/Users/anurag.singh/SimplicityStudio/SDKs/gecko_sdk//platform/radio/rail_lib/autogen/librail_release/librail_efr32xg22_gcc_release.a(rail_rf_hal.o)
                0x00004b40                RAILINT_02e31caf3f8d0fb9ac9f09c35501b4e4
 .text.RAILINT_2c0c7ba0065447faa0ab7205349f5d73
                0x00004b6c       0xf0 C:/Users/anurag.singh/SimplicityStudio/SDKs/gecko_sdk//platform/radio/rail_lib/autogen/librail_release/librail_efr32xg22_gcc_release.a(rail_rf_hal.o)
                0x00004b6c                RAILINT_2c0c7ba0065447faa0ab7205349f5d73
 .text.RAILINT_2a4da4d01b26a7f90998f094ef0d126c
                0x00004c5c       0x84 C:/Users/anurag.singh/SimplicityStudio/SDKs/gecko_sdk//platform/radio/rail_lib/autogen/librail_release/librail_efr32xg22_gcc_release.a(rail_rf_hal.o)
                0x00004c5c                RAILINT_2a4da4d01b26a7f90998f094ef0d126c
 .text.RAILINT_ee8e30d6c3ef95b8e8dca03da7401c07
                0x00004ce0       0x20 C:/Users/anurag.singh/SimplicityStudio/SDKs/gecko_sdk//platform/radio/rail_lib/autogen/librail_release/librail_efr32xg22_gcc_release.a(rail_rf_hal.o)
                0x00004ce0                RAILINT_ee8e30d6c3ef95b8e8dca03da7401c07
 .text.RAILINT_4535ca1da65eed991e532282e16caa6e
                0x00004d00       0x10 C:/Users/anurag.singh/SimplicityStudio/SDKs/gecko_sdk//platform/radio/rail_lib/autogen/librail_release/librail_efr32xg22_gcc_release.a(rail_rf_hal.o)
                0x00004d00                RAILINT_4535ca1da65eed991e532282e16caa6e
 .text.RAILINT_4775d80a8fe4d9976ce86a6ec19b0158
                0x00004d10       0x34 C:/Users/anurag.singh/SimplicityStudio/SDKs/gecko_sdk//platform/radio/rail_lib/autogen/librail_release/librail_efr32xg22_gcc_release.a(rail_rf_hal.o)
                0x00004d10                RAILINT_4775d80a8fe4d9976ce86a6ec19b0158
 .text.RAILINT_788b3657c509a8fc304f09cc58d808a3
                0x00004d44        0xc C:/Users/anurag.singh/SimplicityStudio/SDKs/gecko_sdk//platform/radio/rail_lib/autogen/librail_release/librail_efr32xg22_gcc_release.a(rail_rf_hal.o)
                0x00004d44                RAILINT_788b3657c509a8fc304f09cc58d808a3
 .text.RAILINT_afeea334a0413e3fba4d9024b9c8696e
                0x00004d50        0xc C:/Users/anurag.singh/SimplicityStudio/SDKs/gecko_sdk//platform/radio/rail_lib/autogen/librail_release/librail_efr32xg22_gcc_release.a(rail_rf_hal.o)
                0x00004d50                RAILINT_afeea334a0413e3fba4d9024b9c8696e
 .text.RAILINT_99f0e717b1ae5f07aeace88464176fa9
                0x00004d5c       0xc8 C:/Users/anurag.singh/SimplicityStudio/SDKs/gecko_sdk//platform/radio/rail_lib/autogen/librail_release/librail_efr32xg22_gcc_release.a(rail_rf_hal.o)
                0x00004d5c                RAILINT_99f0e717b1ae5f07aeace88464176fa9
 .text.RAILINT_0d8f3fe7fd5ea4a113463fb6490feb41
                0x00004e24       0x48 C:/Users/anurag.singh/SimplicityStudio/SDKs/gecko_sdk//platform/radio/rail_lib/autogen/librail_release/librail_efr32xg22_gcc_release.a(rail_rf_hal.o)
                0x00004e24                RAILINT_0d8f3fe7fd5ea4a113463fb6490feb41
 .text.RAILINT_d02596bebc40577addedcb0f3fcccabb
                0x00004e6c       0x7c C:/Users/anurag.singh/SimplicityStudio/SDKs/gecko_sdk//platform/radio/rail_lib/autogen/librail_release/librail_efr32xg22_gcc_release.a(rail_rf_hal.o)
                0x00004e6c                RAILINT_d02596bebc40577addedcb0f3fcccabb
 .text.RAILINT_3339c86656af5bd3809fcaff6decfb50
                0x00004ee8       0x2c C:/Users/anurag.singh/SimplicityStudio/SDKs/gecko_sdk//platform/radio/rail_lib/autogen/librail_release/librail_efr32xg22_gcc_release.a(rail_rf_hal.o)
                0x00004ee8                RAILINT_3339c86656af5bd3809fcaff6decfb50
 .text.RAILINT_c1ee6010aaf86bbd071153c63f21d1bb
                0x00004f14      0x128 C:/Users/anurag.singh/SimplicityStudio/SDKs/gecko_sdk//platform/radio/rail_lib/autogen/librail_release/librail_efr32xg22_gcc_release.a(rail_rf_hal.o)
                0x00004f14                RAILINT_c1ee6010aaf86bbd071153c63f21d1bb
 .text.RAILINT_7513d8eab2e711e2387c527c09895f59
                0x0000503c        0xc C:/Users/anurag.singh/SimplicityStudio/SDKs/gecko_sdk//platform/radio/rail_lib/autogen/librail_release/librail_efr32xg22_gcc_release.a(rail_rf_hal.o)
                0x0000503c                RAILINT_7513d8eab2e711e2387c527c09895f59
 .text.RAILINT_fd62944279593a99af34baf33f1f64a3
                0x00005048        0xc C:/Users/anurag.singh/SimplicityStudio/SDKs/gecko_sdk//platform/radio/rail_lib/autogen/librail_release/librail_efr32xg22_gcc_release.a(rail_rf_hal.o)
                0x00005048                RAILINT_fd62944279593a99af34baf33f1f64a3
 .text.RAILINT_83a3874c81bc5511d0e4d7f8af307385
                0x00005054       0x34 C:/Users/anurag.singh/SimplicityStudio/SDKs/gecko_sdk//platform/radio/rail_lib/autogen/librail_release/librail_efr32xg22_gcc_release.a(rail_rf_hal.o)
 .text.RAILINT_c232eb9695d8ec51969199511f1ffdbc
                0x00005088       0x6c C:/Users/anurag.singh/SimplicityStudio/SDKs/gecko_sdk//platform/radio/rail_lib/autogen/librail_release/librail_efr32xg22_gcc_release.a(rail_rf_hal.o)
                0x00005088                RAILINT_c232eb9695d8ec51969199511f1ffdbc
 .text.RAILINT_7bc23e10f52e56d9fc3392da3f1c2215
                0x000050f4       0x6c C:/Users/anurag.singh/SimplicityStudio/SDKs/gecko_sdk//platform/radio/rail_lib/autogen/librail_release/librail_efr32xg22_gcc_release.a(rail_rf_hal.o)
                0x000050f4                RAILINT_7bc23e10f52e56d9fc3392da3f1c2215
 .text.RAILINT_0d03c198f5f2a0e358f87f76b3e7eaa4
                0x00005160       0xd4 C:/Users/anurag.singh/SimplicityStudio/SDKs/gecko_sdk//platform/radio/rail_lib/autogen/librail_release/librail_efr32xg22_gcc_release.a(rail_rf_hal.o)
                0x00005160                RAILINT_0d03c198f5f2a0e358f87f76b3e7eaa4
 .text.RAILINT_cd62b828417e3475c6b58e9a311685cc
                0x00005234       0x58 C:/Users/anurag.singh/SimplicityStudio/SDKs/gecko_sdk//platform/radio/rail_lib/autogen/librail_release/librail_efr32xg22_gcc_release.a(rail_rf_hal.o)
                0x00005234                RAILINT_cd62b828417e3475c6b58e9a311685cc
 .text.RAILINT_63a89db964f651a01db7d72312883c55
                0x0000528c       0x9c C:/Users/anurag.singh/SimplicityStudio/SDKs/gecko_sdk//platform/radio/rail_lib/autogen/librail_release/librail_efr32xg22_gcc_release.a(rail_rf_hal.o)
                0x0000528c                RAILINT_63a89db964f651a01db7d72312883c55
 .text.RAILINT_b693f7d424389daf06cac15e5c7b8047
                0x00005328      0x164 C:/Users/anurag.singh/SimplicityStudio/SDKs/gecko_sdk//platform/radio/rail_lib/autogen/librail_release/librail_efr32xg22_gcc_release.a(rail_rf_hal.o)
                0x00005328                RAILINT_b693f7d424389daf06cac15e5c7b8047
 .text.RAILINT_18104a34964ca0d3ba75ee91576752d7
                0x0000548c       0x68 C:/Users/anurag.singh/SimplicityStudio/SDKs/gecko_sdk//platform/radio/rail_lib/autogen/librail_release/librail_efr32xg22_gcc_release.a(rail_rf_hal.o)
                0x0000548c                RAILINT_18104a34964ca0d3ba75ee91576752d7
 .text.RAILINT_e331ba91c2ae1705d8ddbb0caff1d0a5
                0x000054f4      0x1f0 C:/Users/anurag.singh/SimplicityStudio/SDKs/gecko_sdk//platform/radio/rail_lib/autogen/librail_release/librail_efr32xg22_gcc_release.a(rail_rf_hal.o)
                0x000054f4                RAILINT_e331ba91c2ae1705d8ddbb0caff1d0a5
 .text.RAILINT_e972c5fa8a62807acfd8c241e9b06251
                0x000056e4       0x3c C:/Users/anurag.singh/SimplicityStudio/SDKs/gecko_sdk//platform/radio/rail_lib/autogen/librail_release/librail_efr32xg22_gcc_release.a(rail_rf_hal.o)
                0x000056e4                RAILINT_e972c5fa8a62807acfd8c241e9b06251
 .text.RAILINT_c499db9217aa8f8b3058013884e8e4d2
                0x00005720       0x18 C:/Users/anurag.singh/SimplicityStudio/SDKs/gecko_sdk//platform/radio/rail_lib/autogen/librail_release/librail_efr32xg22_gcc_release.a(rail_rf_hal.o)
                0x00005720                RAILINT_c499db9217aa8f8b3058013884e8e4d2
 .text.RAILINT_44f844fe44efb07ef80df95a956dc879
                0x00005738      0x118 C:/Users/anurag.singh/SimplicityStudio/SDKs/gecko_sdk//platform/radio/rail_lib/autogen/librail_release/librail_efr32xg22_gcc_release.a(rail_rf_hal.o)
                0x00005738                RAILINT_44f844fe44efb07ef80df95a956dc879
 .text.RAILINT_c95e9d4ad5fb39bdcaabe1c820867429
                0x00005850       0x28 C:/Users/anurag.singh/SimplicityStudio/SDKs/gecko_sdk//platform/radio/rail_lib/autogen/librail_release/librail_efr32xg22_gcc_release.a(rail_rf_hal.o)
                0x00005850                RAILINT_c95e9d4ad5fb39bdcaabe1c820867429
 .text.RAILINT_f70cad743ef3526a2ef7ac090e6c385a
                0x00005878       0x9c C:/Users/anurag.singh/SimplicityStudio/SDKs/gecko_sdk//platform/radio/rail_lib/autogen/librail_release/librail_efr32xg22_gcc_release.a(rail_rf_hal.o)
                0x00005878                RAILINT_f70cad743ef3526a2ef7ac090e6c385a
 .text.RAILINT_b67c091c0cbeb6a549dcb7c12c4dbcdc
                0x00005914       0x18 C:/Users/anurag.singh/SimplicityStudio/SDKs/gecko_sdk//platform/radio/rail_lib/autogen/librail_release/librail_efr32xg22_gcc_release.a(rail_rf_hal.o)
                0x00005914                RAILINT_b67c091c0cbeb6a549dcb7c12c4dbcdc
 .text.RAILINT_232a85da35fb8aa0cd28c39542df9730
                0x0000592c       0xd0 C:/Users/anurag.singh/SimplicityStudio/SDKs/gecko_sdk//platform/radio/rail_lib/autogen/librail_release/librail_efr32xg22_gcc_release.a(rail_rf_hal.o)
                0x0000592c                RAILINT_232a85da35fb8aa0cd28c39542df9730
 .text.RAILINT_3209015e469febd3aebf12c10b838c78
                0x000059fc       0x40 C:/Users/anurag.singh/SimplicityStudio/SDKs/gecko_sdk//platform/radio/rail_lib/autogen/librail_release/librail_efr32xg22_gcc_release.a(rail_rf_hal.o)
                0x000059fc                RAILINT_3209015e469febd3aebf12c10b838c78
 .text.RAILINT_3d0930b0b28334e352a161a5b4a4cb94
                0x00005a3c      0x1f8 C:/Users/anurag.singh/SimplicityStudio/SDKs/gecko_sdk//platform/radio/rail_lib/autogen/librail_release/librail_efr32xg22_gcc_release.a(rail_rf_hal.o)
 .text.RAILINT_3e587e95c937431090ed1e304e004f0f
                0x00005c34       0x30 C:/Users/anurag.singh/SimplicityStudio/SDKs/gecko_sdk//platform/radio/rail_lib/autogen/librail_release/librail_efr32xg22_gcc_release.a(rail_rf_hal.o)
                0x00005c34                RAILINT_3e587e95c937431090ed1e304e004f0f
 .text.RAILINT_1debf3979df3644830aae43bd0f04ec3
                0x00005c64       0x18 C:/Users/anurag.singh/SimplicityStudio/SDKs/gecko_sdk//platform/radio/rail_lib/autogen/librail_release/librail_efr32xg22_gcc_release.a(rail_rf_hal.o)
                0x00005c64                RAILINT_1debf3979df3644830aae43bd0f04ec3
 .text.RAILINT_3bff6dfc0590d5c54bb0576abaeb38dd
                0x00005c7c       0x10 C:/Users/anurag.singh/SimplicityStudio/SDKs/gecko_sdk//platform/radio/rail_lib/autogen/librail_release/librail_efr32xg22_gcc_release.a(rail_rf_hal.o)
                0x00005c7c                RAILINT_3bff6dfc0590d5c54bb0576abaeb38dd
 .text.RAILINT_d5c561967c8678d8cf4a7459dd1fb13f
                0x00005c8c       0x10 C:/Users/anurag.singh/SimplicityStudio/SDKs/gecko_sdk//platform/radio/rail_lib/autogen/librail_release/librail_efr32xg22_gcc_release.a(rail_rf_hal.o)
                0x00005c8c                RAILINT_d5c561967c8678d8cf4a7459dd1fb13f
 .text.RAILINT_a4b57b9485a34098ab089f4c182a3c25
                0x00005c9c       0x48 C:/Users/anurag.singh/SimplicityStudio/SDKs/gecko_sdk//platform/radio/rail_lib/autogen/librail_release/librail_efr32xg22_gcc_release.a(rfhal_rac.o)
                0x00005c9c                RAILINT_a4b57b9485a34098ab089f4c182a3c25
 .text.RAILINT_18d623885a7822cbda696ea8d328c784
                0x00005ce4       0x2c C:/Users/anurag.singh/SimplicityStudio/SDKs/gecko_sdk//platform/radio/rail_lib/autogen/librail_release/librail_efr32xg22_gcc_release.a(rfhal_rac.o)
                0x00005ce4                RAILINT_18d623885a7822cbda696ea8d328c784
 .text.RAILINT_4bcf13a8aca9daa76feae0225ecd6008
                0x00005d10       0x38 C:/Users/anurag.singh/SimplicityStudio/SDKs/gecko_sdk//platform/radio/rail_lib/autogen/librail_release/librail_efr32xg22_gcc_release.a(rfhal_rac.o)
                0x00005d10                RAILINT_4bcf13a8aca9daa76feae0225ecd6008
 .text.RAILINT_1d08726518e011fa443ccb2c167c277f
                0x00005d48       0x74 C:/Users/anurag.singh/SimplicityStudio/SDKs/gecko_sdk//platform/radio/rail_lib/autogen/librail_release/librail_efr32xg22_gcc_release.a(rail_ble_rf_hal.o)
 .text.RAILINT_11a8189731038671bfaf60a175e91be6
                0x00005dbc       0x68 C:/Users/anurag.singh/SimplicityStudio/SDKs/gecko_sdk//platform/radio/rail_lib/autogen/librail_release/librail_efr32xg22_gcc_release.a(rail_ble_rf_hal.o)
 .text.RAILINT_4ba0fcf40ef9ac3b03e591eab1bfcbb7
                0x00005e24       0x5c C:/Users/anurag.singh/SimplicityStudio/SDKs/gecko_sdk//platform/radio/rail_lib/autogen/librail_release/librail_efr32xg22_gcc_release.a(rail_ble_rf_hal.o)
                0x00005e24                RAILINT_4ba0fcf40ef9ac3b03e591eab1bfcbb7
 .text.RAILINT_6bad1785a3589015506e2c42f8453d99
                0x00005e80       0x2c C:/Users/anurag.singh/SimplicityStudio/SDKs/gecko_sdk//platform/radio/rail_lib/autogen/librail_release/librail_efr32xg22_gcc_release.a(rail_ble_rf_hal.o)
                0x00005e80                RAILINT_6bad1785a3589015506e2c42f8453d99
 .text.RAILINT_5f35beb025c47a589aa3ed9bbfc5d0b9
                0x00005eac       0x2c C:/Users/anurag.singh/SimplicityStudio/SDKs/gecko_sdk//platform/radio/rail_lib/autogen/librail_release/librail_efr32xg22_gcc_release.a(rail_ble_rf_hal.o)
                0x00005eac                RAILINT_5f35beb025c47a589aa3ed9bbfc5d0b9
 .text.RAILINT_8447a86bc2b76b852231aee5b7038295
                0x00005ed8       0x74 C:/Users/anurag.singh/SimplicityStudio/SDKs/gecko_sdk//platform/radio/rail_lib/autogen/librail_release/librail_efr32xg22_gcc_release.a(rail_ble_rf_hal.o)
                0x00005ed8                RAILINT_8447a86bc2b76b852231aee5b7038295
 .text.RAILINT_9ac9b98f6f1bcc3ed7e9d446af9b5af0
                0x00005f4c       0x60 C:/Users/anurag.singh/SimplicityStudio/SDKs/gecko_sdk//platform/radio/rail_lib/autogen/librail_release/librail_efr32xg22_gcc_release.a(rail_ble_rf_hal.o)
                0x00005f4c                RAILINT_9ac9b98f6f1bcc3ed7e9d446af9b5af0
 .text.RAILINT_0bcb1021b5498dd413e6ef14dfa2e24a
                0x00005fac       0x5c C:/Users/anurag.singh/SimplicityStudio/SDKs/gecko_sdk//platform/radio/rail_lib/autogen/librail_release/librail_efr32xg22_gcc_release.a(rail_ble_rf_hal.o)
                0x00005fac                RAILINT_0bcb1021b5498dd413e6ef14dfa2e24a
 .text.RAILINT_a779509c3ccfe3314b466cbc2527e4c8
                0x00006008       0x20 C:/Users/anurag.singh/SimplicityStudio/SDKs/gecko_sdk//platform/radio/rail_lib/autogen/librail_release/librail_efr32xg22_gcc_release.a(rfhal_ircal.o)
                0x00006008                RAILINT_a779509c3ccfe3314b466cbc2527e4c8
 .text.RAILINT_180789e54523ec093dde33f764dd8f42
                0x00006028       0x40 C:/Users/anurag.singh/SimplicityStudio/SDKs/gecko_sdk//platform/radio/rail_lib/autogen/librail_release/librail_efr32xg22_gcc_release.a(rfhal_ircal.o)
                0x00006028                RAILINT_180789e54523ec093dde33f764dd8f42
 .text.RAILINT_7c4474e9c252fd93501bbf7d6298f3d3
                0x00006068       0x40 C:/Users/anurag.singh/SimplicityStudio/SDKs/gecko_sdk//platform/radio/rail_lib/autogen/librail_release/librail_efr32xg22_gcc_release.a(rfhal_antenna.o)
                0x00006068                RAILINT_7c4474e9c252fd93501bbf7d6298f3d3
 .text.RAILINT_893fd72dfcf6ebbe2598a01d375fa2c0
                0x000060a8       0x50 C:/Users/anurag.singh/SimplicityStudio/SDKs/gecko_sdk//platform/radio/rail_lib/autogen/librail_release/librail_efr32xg22_gcc_release.a(rfhal_bufc.o)
 .text.RAILINT_86983bfebc3fcf81f3ab3444e4625a88
                0x000060f8       0x3c C:/Users/anurag.singh/SimplicityStudio/SDKs/gecko_sdk//platform/radio/rail_lib/autogen/librail_release/librail_efr32xg22_gcc_release.a(rfhal_bufc.o)
                0x000060f8                RAILINT_86983bfebc3fcf81f3ab3444e4625a88
 .text.RAILINT_cdbd2ef4368f95ff8e91482f629bd134
                0x00006134       0x1c C:/Users/anurag.singh/SimplicityStudio/SDKs/gecko_sdk//platform/radio/rail_lib/autogen/librail_release/librail_efr32xg22_gcc_release.a(rfhal_bufc.o)
                0x00006134                RAILINT_cdbd2ef4368f95ff8e91482f629bd134
 .text.RAILINT_d098fb7ee08dc8d454a1df118de69bc4
                0x00006150      0x18c C:/Users/anurag.singh/SimplicityStudio/SDKs/gecko_sdk//platform/radio/rail_lib/autogen/librail_release/librail_efr32xg22_gcc_release.a(rfhal_bufc.o)
                0x00006150                RAILINT_d098fb7ee08dc8d454a1df118de69bc4
 .text.RAILINT_53ead1b019a1cdfd0829dbc64825eeac
                0x000062dc       0x58 C:/Users/anurag.singh/SimplicityStudio/SDKs/gecko_sdk//platform/radio/rail_lib/autogen/librail_release/librail_efr32xg22_gcc_release.a(rfhal_bufc.o)
                0x000062dc                RAILINT_53ead1b019a1cdfd0829dbc64825eeac
 .text.RAILINT_6281eecc9c4ea6e1ecc523be2e1d48d2
                0x00006334       0x8c C:/Users/anurag.singh/SimplicityStudio/SDKs/gecko_sdk//platform/radio/rail_lib/autogen/librail_release/librail_efr32xg22_gcc_release.a(rfhal_bufc.o)
                0x00006334                RAILINT_6281eecc9c4ea6e1ecc523be2e1d48d2
 .text.RAILINT_32732aa1d78833fa65026efd536f2c3e
                0x000063c0       0x44 C:/Users/anurag.singh/SimplicityStudio/SDKs/gecko_sdk//platform/radio/rail_lib/autogen/librail_release/librail_efr32xg22_gcc_release.a(rfhal_bufc.o)
                0x000063c0                RAILINT_32732aa1d78833fa65026efd536f2c3e
 .text.RAILINT_f921a6fdde390c986016ab0c8bf49fae
                0x00006404      0x12c C:/Users/anurag.singh/SimplicityStudio/SDKs/gecko_sdk//platform/radio/rail_lib/autogen/librail_release/librail_efr32xg22_gcc_release.a(rfhal_bufc.o)
                0x00006404                RAILINT_f921a6fdde390c986016ab0c8bf49fae
 .text.RAILINT_0906929bba6a17fd8a9605e65064a9f4
                0x00006530       0x68 C:/Users/anurag.singh/SimplicityStudio/SDKs/gecko_sdk//platform/radio/rail_lib/autogen/librail_release/librail_efr32xg22_gcc_release.a(rfhal_bufc.o)
                0x00006530                RAILINT_0906929bba6a17fd8a9605e65064a9f4
 .text.RAILINT_31258cb71f8a6b9069347d576bc679f0
                0x00006598       0x1c C:/Users/anurag.singh/SimplicityStudio/SDKs/gecko_sdk//platform/radio/rail_lib/autogen/librail_release/librail_efr32xg22_gcc_release.a(rfhal_bufc.o)
                0x00006598                RAILINT_31258cb71f8a6b9069347d576bc679f0
 .text.RAILINT_6e9511005f24d0489b4328a9cd887def
                0x000065b4       0x2c C:/Users/anurag.singh/SimplicityStudio/SDKs/gecko_sdk//platform/radio/rail_lib/autogen/librail_release/librail_efr32xg22_gcc_release.a(rfhal_bufc.o)
                0x000065b4                RAILINT_6e9511005f24d0489b4328a9cd887def
 .text.RAILINT_052f8b2565813079f19c931bac48db51
                0x000065e0      0x170 C:/Users/anurag.singh/SimplicityStudio/SDKs/gecko_sdk//platform/radio/rail_lib/autogen/librail_release/librail_efr32xg22_gcc_release.a(rfhal_bufc.o)
                0x000065e0                RAILINT_052f8b2565813079f19c931bac48db51
 .text.RAILINT_37dcaf6b67da0fa3f13a9cf3e2b6a0ca
                0x00006750       0x1c C:/Users/anurag.singh/SimplicityStudio/SDKs/gecko_sdk//platform/radio/rail_lib/autogen/librail_release/librail_efr32xg22_gcc_release.a(rfhal_module.o)
                0x00006750                RAILINT_37dcaf6b67da0fa3f13a9cf3e2b6a0ca
 .text.RAILINT_5eae5b33728fa998af27aab462a94cc2
                0x0000676c       0x6c C:/Users/anurag.singh/SimplicityStudio/SDKs/gecko_sdk//platform/radio/rail_lib/autogen/librail_release/librail_efr32xg22_gcc_release.a(rfhal_pa.o)
                0x0000676c                RAILINT_5eae5b33728fa998af27aab462a94cc2
 .text.RAILINT_5b690911fb63c8ed3939b23ea6b3c04d
                0x000067d8       0x14 C:/Users/anurag.singh/SimplicityStudio/SDKs/gecko_sdk//platform/radio/rail_lib/autogen/librail_release/librail_efr32xg22_gcc_release.a(rfhal_pa.o)
                0x000067d8                RAILINT_5b690911fb63c8ed3939b23ea6b3c04d
 .text.RAILINT_0a4e93b519ac593c17e9cf2bca4c4cf3
                0x000067ec       0x28 C:/Users/anurag.singh/SimplicityStudio/SDKs/gecko_sdk//platform/radio/rail_lib/autogen/librail_release/librail_efr32xg22_gcc_release.a(rfhal_pa.o)
                0x000067ec                RAILINT_0a4e93b519ac593c17e9cf2bca4c4cf3
 .text.RAILINT_538e671f17d827f5e8fbb6213721d612
                0x00006814       0x40 C:/Users/anurag.singh/SimplicityStudio/SDKs/gecko_sdk//platform/radio/rail_lib/autogen/librail_release/librail_efr32xg22_gcc_release.a(rfhal_pa.o)
                0x00006814                RAILINT_538e671f17d827f5e8fbb6213721d612
 .text.RAILINT_1040bf941e847cb582a86b6ad519d354
                0x00006854       0x1c C:/Users/anurag.singh/SimplicityStudio/SDKs/gecko_sdk//platform/radio/rail_lib/autogen/librail_release/librail_efr32xg22_gcc_release.a(rfhal_pa.o)
                0x00006854                RAILINT_1040bf941e847cb582a86b6ad519d354
 .text.RAILINT_692f9e407ff0da6bb4b5f2aa1969c134
                0x00006870      0x1e8 C:/Users/anurag.singh/SimplicityStudio/SDKs/gecko_sdk//platform/radio/rail_lib/autogen/librail_release/librail_efr32xg22_gcc_release.a(rfhal_pa.o)
                0x00006870                RAILINT_692f9e407ff0da6bb4b5f2aa1969c134
 .text.RAILINT_08c8419aa71adfff4194c3a91186dc0b
                0x00006a58       0x54 C:/Users/anurag.singh/SimplicityStudio/SDKs/gecko_sdk//platform/radio/rail_lib/autogen/librail_release/librail_efr32xg22_gcc_release.a(rfhal_pa.o)
                0x00006a58                RAILINT_08c8419aa71adfff4194c3a91186dc0b
 .text.RAILINT_72ff69444642d56e9a45aed09ca05444
                0x00006aac       0x7c C:/Users/anurag.singh/SimplicityStudio/SDKs/gecko_sdk//platform/radio/rail_lib/autogen/librail_release/librail_efr32xg22_gcc_release.a(rfhal_pti.o)
 .text.RAILINT_1a28987f80d88c2ee465192586a92d40
                0x00006b28       0x10 C:/Users/anurag.singh/SimplicityStudio/SDKs/gecko_sdk//platform/radio/rail_lib/autogen/librail_release/librail_efr32xg22_gcc_release.a(rfhal_pti.o)
                0x00006b28                RAILINT_1a28987f80d88c2ee465192586a92d40
 .text.RAILINT_c36d58880426266e9a928d6ac9ae9371
                0x00006b38      0x138 C:/Users/anurag.singh/SimplicityStudio/SDKs/gecko_sdk//platform/radio/rail_lib/autogen/librail_release/librail_efr32xg22_gcc_release.a(rfhal_pti.o)
                0x00006b38                RAILINT_c36d58880426266e9a928d6ac9ae9371
 .text.PTI_AuxdataOutput
                0x00006c70       0x18 C:/Users/anurag.singh/SimplicityStudio/SDKs/gecko_sdk//platform/radio/rail_lib/autogen/librail_release/librail_efr32xg22_gcc_release.a(rfhal_pti.o)
                0x00006c70                PTI_AuxdataOutput
 .text.RAILINT_f54fc581018404e27eb6209945094fb1
                0x00006c88       0x30 C:/Users/anurag.singh/SimplicityStudio/SDKs/gecko_sdk//platform/radio/rail_lib/autogen/librail_release/librail_efr32xg22_gcc_release.a(rfhal_pti.o)
                0x00006c88                RAILINT_f54fc581018404e27eb6209945094fb1
 .text.RAILINT_a2bb09bbf0f5a66273c06b6551b0acd9
                0x00006cb8       0xdc C:/Users/anurag.singh/SimplicityStudio/SDKs/gecko_sdk//platform/radio/rail_lib/autogen/librail_release/librail_efr32xg22_gcc_release.a(rfhal_protimer.o)
                0x00006cb8                RAILINT_a2bb09bbf0f5a66273c06b6551b0acd9
 .text.RAILINT_2867cf1f7327fd002fccf5d8ded311be
                0x00006d94       0x1c C:/Users/anurag.singh/SimplicityStudio/SDKs/gecko_sdk//platform/radio/rail_lib/autogen/librail_release/librail_efr32xg22_gcc_release.a(rfhal_protimer.o)
                0x00006d94                RAILINT_2867cf1f7327fd002fccf5d8ded311be
 .text.RAILINT_b925e171c25408a00cc433760e355480
                0x00006db0       0x24 C:/Users/anurag.singh/SimplicityStudio/SDKs/gecko_sdk//platform/radio/rail_lib/autogen/librail_release/librail_efr32xg22_gcc_release.a(rfhal_protimer.o)
                0x00006db0                RAILINT_b925e171c25408a00cc433760e355480
 .text.RAILINT_4f93cdd7aecf168775f2a95c9141aec8
                0x00006dd4       0x3c C:/Users/anurag.singh/SimplicityStudio/SDKs/gecko_sdk//platform/radio/rail_lib/autogen/librail_release/librail_efr32xg22_gcc_release.a(rfhal_protimer.o)
                0x00006dd4                RAILINT_4f93cdd7aecf168775f2a95c9141aec8
 .text.RAILINT_30b95b9e98ec0997b2a8f05421916f4a
                0x00006e10      0x1fc C:/Users/anurag.singh/SimplicityStudio/SDKs/gecko_sdk//platform/radio/rail_lib/autogen/librail_release/librail_efr32xg22_gcc_release.a(rfhal_protimer.o)
                0x00006e10                RAILINT_30b95b9e98ec0997b2a8f05421916f4a
 .text.RAILINT_bda0c15173302986042c4866e7e8cb7e
                0x0000700c       0x14 C:/Users/anurag.singh/SimplicityStudio/SDKs/gecko_sdk//platform/radio/rail_lib/autogen/librail_release/librail_efr32xg22_gcc_release.a(rfhal_protimer.o)
                0x0000700c                RAILINT_bda0c15173302986042c4866e7e8cb7e
 .text.RAILINT_6fba69fb8464276fb40686c982612f36
                0x00007020       0x18 C:/Users/anurag.singh/SimplicityStudio/SDKs/gecko_sdk//platform/radio/rail_lib/autogen/librail_release/librail_efr32xg22_gcc_release.a(rfhal_protimer.o)
                0x00007020                RAILINT_6fba69fb8464276fb40686c982612f36
 .text.RAILINT_c51be8ee5a1368e218ec48a993030c0a
                0x00007038       0x30 C:/Users/anurag.singh/SimplicityStudio/SDKs/gecko_sdk//platform/radio/rail_lib/autogen/librail_release/librail_efr32xg22_gcc_release.a(rfhal_protimer.o)
                0x00007038                RAILINT_c51be8ee5a1368e218ec48a993030c0a
 .text.RAILINT_91acd8a0b3b22b251b18aeabdb4a57f7
                0x00007068       0x18 C:/Users/anurag.singh/SimplicityStudio/SDKs/gecko_sdk//platform/radio/rail_lib/autogen/librail_release/librail_efr32xg22_gcc_release.a(rfhal_protimer.o)
                0x00007068                RAILINT_91acd8a0b3b22b251b18aeabdb4a57f7
 .text.RAILINT_3d752c35229134eb0acd91db488d7c4c
                0x00007080       0x24 C:/Users/anurag.singh/SimplicityStudio/SDKs/gecko_sdk//platform/radio/rail_lib/autogen/librail_release/librail_efr32xg22_gcc_release.a(rfhal_protimer.o)
                0x00007080                RAILINT_3d752c35229134eb0acd91db488d7c4c
 .text.RAILINT_91df45e96a2874f76867d6f26ae534a0
                0x000070a4       0x40 C:/Users/anurag.singh/SimplicityStudio/SDKs/gecko_sdk//platform/radio/rail_lib/autogen/librail_release/librail_efr32xg22_gcc_release.a(rfhal_protimer.o)
                0x000070a4                RAILINT_91df45e96a2874f76867d6f26ae534a0
 .text.RAILINT_2e07a6872d92c4b3e3c2fd6af0b0470f
                0x000070e4       0x84 C:/Users/anurag.singh/SimplicityStudio/SDKs/gecko_sdk//platform/radio/rail_lib/autogen/librail_release/librail_efr32xg22_gcc_release.a(rfhal_radio.o)
 .text.RAILINT_fec7870be3fe1a836fe6231361b23257
                0x00007168       0x5c C:/Users/anurag.singh/SimplicityStudio/SDKs/gecko_sdk//platform/radio/rail_lib/autogen/librail_release/librail_efr32xg22_gcc_release.a(rfhal_radio.o)
 .text.RAILINT_2d55024751d647dfef36f5f548d0f2cb
                0x000071c4       0x50 C:/Users/anurag.singh/SimplicityStudio/SDKs/gecko_sdk//platform/radio/rail_lib/autogen/librail_release/librail_efr32xg22_gcc_release.a(rfhal_radio.o)
                0x000071c4                RAILINT_2d55024751d647dfef36f5f548d0f2cb
 .text.RAILINT_0a958662e0f9b48ba3742030a3e4e70c
                0x00007214       0x88 C:/Users/anurag.singh/SimplicityStudio/SDKs/gecko_sdk//platform/radio/rail_lib/autogen/librail_release/librail_efr32xg22_gcc_release.a(rfhal_radio.o)
                0x00007214                RAILINT_0a958662e0f9b48ba3742030a3e4e70c
 .text.RAILINT_ff78d9bb4bfe772063473783474f9dc5
                0x0000729c       0x4c C:/Users/anurag.singh/SimplicityStudio/SDKs/gecko_sdk//platform/radio/rail_lib/autogen/librail_release/librail_efr32xg22_gcc_release.a(rfhal_radio.o)
                0x0000729c                RAILINT_ff78d9bb4bfe772063473783474f9dc5
 .text.RAILINT_83b3e2e99c8f4d3fd0b62943447c7cff
                0x000072e8       0x68 C:/Users/anurag.singh/SimplicityStudio/SDKs/gecko_sdk//platform/radio/rail_lib/autogen/librail_release/librail_efr32xg22_gcc_release.a(rfhal_radio.o)
                0x000072e8                RAILINT_83b3e2e99c8f4d3fd0b62943447c7cff
 .text.RAILINT_29728e9d96985f5babe5fba5eab67a2d
                0x00007350       0x1c C:/Users/anurag.singh/SimplicityStudio/SDKs/gecko_sdk//platform/radio/rail_lib/autogen/librail_release/librail_efr32xg22_gcc_release.a(rfhal_radio.o)
                0x00007350                RAILINT_29728e9d96985f5babe5fba5eab67a2d
 .text.RAILINT_0db83bf7a6ec6ad175f2b3bb6bb8465a
                0x0000736c      0x104 C:/Users/anurag.singh/SimplicityStudio/SDKs/gecko_sdk//platform/radio/rail_lib/autogen/librail_release/librail_efr32xg22_gcc_release.a(rfhal_radio.o)
                0x0000736c                RAILINT_0db83bf7a6ec6ad175f2b3bb6bb8465a
 .text.RAILINT_171f424fc160b143d72e8b724c33f1c6
                0x00007470       0x6c C:/Users/anurag.singh/SimplicityStudio/SDKs/gecko_sdk//platform/radio/rail_lib/autogen/librail_release/librail_efr32xg22_gcc_release.a(rfhal_radio.o)
                0x00007470                RAILINT_171f424fc160b143d72e8b724c33f1c6
 .text.RAILINT_cd65c06e3b1af867d6257be45870f13b
                0x000074dc      0x108 C:/Users/anurag.singh/SimplicityStudio/SDKs/gecko_sdk//platform/radio/rail_lib/autogen/librail_release/librail_efr32xg22_gcc_release.a(rfhal_radio.o)
                0x000074dc                RAILINT_cd65c06e3b1af867d6257be45870f13b
 .text.RAILINT_f9e5228e0d9c01913b590cb22fe86427
                0x000075e4        0xc C:/Users/anurag.singh/SimplicityStudio/SDKs/gecko_sdk//platform/radio/rail_lib/autogen/librail_release/librail_efr32xg22_gcc_release.a(rfhal_radio.o)
                0x000075e4                RAILINT_f9e5228e0d9c01913b590cb22fe86427
 .text.RAILINT_0fcb2d75494993f121b931b03a54c62c
                0x000075f0        0xc C:/Users/anurag.singh/SimplicityStudio/SDKs/gecko_sdk//platform/radio/rail_lib/autogen/librail_release/librail_efr32xg22_gcc_release.a(rfhal_radio.o)
                0x000075f0                RAILINT_0fcb2d75494993f121b931b03a54c62c
 .text.RAILINT_d8be8114d0438e8c4744d07fb3afceb2
                0x000075fc        0xc C:/Users/anurag.singh/SimplicityStudio/SDKs/gecko_sdk//platform/radio/rail_lib/autogen/librail_release/librail_efr32xg22_gcc_release.a(rfhal_radio.o)
                0x000075fc                RAILINT_d8be8114d0438e8c4744d07fb3afceb2
 .text.RAILINT_107f383da9004c7c039de184830a3649
                0x00007608        0xc C:/Users/anurag.singh/SimplicityStudio/SDKs/gecko_sdk//platform/radio/rail_lib/autogen/librail_release/librail_efr32xg22_gcc_release.a(rfhal_radio.o)
                0x00007608                RAILINT_107f383da9004c7c039de184830a3649
 .text.RAILINT_85395b01c0ad26d73deed4fa79fbb56f
                0x00007614       0x3c C:/Users/anurag.singh/SimplicityStudio/SDKs/gecko_sdk//platform/radio/rail_lib/autogen/librail_release/librail_efr32xg22_gcc_release.a(rfhal_radio.o)
                0x00007614                RAILINT_85395b01c0ad26d73deed4fa79fbb56f
 .text.RAILINT_98702195dd5df205b66d73f7f1b701b5
                0x00007650       0x24 C:/Users/anurag.singh/SimplicityStudio/SDKs/gecko_sdk//platform/radio/rail_lib/autogen/librail_release/librail_efr32xg22_gcc_release.a(rfhal_radio.o)
                0x00007650                RAILINT_98702195dd5df205b66d73f7f1b701b5
 .text.RAILINT_1bc89bb9191442fba8e0eefadd7115db
                0x00007674       0x50 C:/Users/anurag.singh/SimplicityStudio/SDKs/gecko_sdk//platform/radio/rail_lib/autogen/librail_release/librail_efr32xg22_gcc_release.a(rfhal_radio.o)
                0x00007674                RAILINT_1bc89bb9191442fba8e0eefadd7115db
 .text.RAILINT_f653c2a462666f78ad07511adb1c6ca5
                0x000076c4       0xcc C:/Users/anurag.singh/SimplicityStudio/SDKs/gecko_sdk//platform/radio/rail_lib/autogen/librail_release/librail_efr32xg22_gcc_release.a(rfhal_radio.o)
                0x000076c4                RAILINT_f653c2a462666f78ad07511adb1c6ca5
 .text.RAILINT_153bf4932643f8f0de1f952f99bc84b0
                0x00007790       0x10 C:/Users/anurag.singh/SimplicityStudio/SDKs/gecko_sdk//platform/radio/rail_lib/autogen/librail_release/librail_efr32xg22_gcc_release.a(rfhal_radio.o)
                0x00007790                RAILINT_153bf4932643f8f0de1f952f99bc84b0
 .text.RAILINT_12973c63ce9f157526b71bd49da4eecd
                0x000077a0       0x18 C:/Users/anurag.singh/SimplicityStudio/SDKs/gecko_sdk//platform/radio/rail_lib/autogen/librail_release/librail_efr32xg22_gcc_release.a(rfhal_radio.o)
                0x000077a0                RAILINT_12973c63ce9f157526b71bd49da4eecd
 .text.RAILINT_1161b5fbd248b16b9006cacb961f2bf2
                0x000077b8       0x34 C:/Users/anurag.singh/SimplicityStudio/SDKs/gecko_sdk//platform/radio/rail_lib/autogen/librail_release/librail_efr32xg22_gcc_release.a(rfhal_radio.o)
                0x000077b8                RAILINT_1161b5fbd248b16b9006cacb961f2bf2
 .text.RFSENSE_IRQHandler
                0x000077ec       0x2c C:/Users/anurag.singh/SimplicityStudio/SDKs/gecko_sdk//platform/radio/rail_lib/autogen/librail_release/librail_efr32xg22_gcc_release.a(rfhal_rfsense.o)
                0x000077ec                RFSENSE_IRQHandler
 .text.RAILINT_e37c2f8c4e95a72e70099c8f3fa2cfe4
                0x00007818       0x24 C:/Users/anurag.singh/SimplicityStudio/SDKs/gecko_sdk//platform/radio/rail_lib/autogen/librail_release/librail_efr32xg22_gcc_release.a(rfhal_rand.o)